app/applet/src/App.tsx(2,24): error TS2307: Cannot find module './LiveTV' or its corresponding type declarations.
app/applet/src/App.tsx(3,24): error TS2307: Cannot find module './components/Movies' or its corresponding type declarations.
app/applet/src/App.tsx(23,7): error TS2339: Property 'div' does not exist on type 'JSX.IntrinsicElements'.
app/applet/src/App.tsx(25,7): error TS2339: Property 'div' does not exist on type 'JSX.IntrinsicElements'.
app/applet/src/App.tsx(75,5): error TS2339: Property 'div' does not exist on type 'JSX.IntrinsicElements'.
app/applet/src/App.tsx(76,7): error TS2339: Property 'div' does not exist on type 'JSX.IntrinsicElements'.
app/applet/src/App.tsx(76,137): error TS2339: Property 'div' does not exist on type 'JSX.IntrinsicElements'.
app/applet/src/App.tsx(77,7): error TS2339: Property 'div' does not exist on type 'JSX.IntrinsicElements'.
app/applet/src/App.tsx(77,143): error TS2339: Property 'div' does not exist on type 'JSX.IntrinsicElements'.
app/applet/src/App.tsx(80,7): error TS2339: Property 'div' does not exist on type 'JSX.IntrinsicElements'.
app/applet/src/App.tsx(88,7): error TS2339: Property 'div' does not exist on type 'JSX.IntrinsicElements'.
app/applet/src/App.tsx(90,7): error TS2339: Property 'div' does not exist on type 'JSX.IntrinsicElements'.
app/applet/src/App.tsx(91,9): error TS2339: Property 'h1' does not exist on type 'JSX.IntrinsicElements'.
app/applet/src/App.tsx(92,14): error TS2339: Property 'span' does not exist on type 'JSX.IntrinsicElements'.
app/applet/src/App.tsx(92,48): error TS2339: Property 'span' does not exist on type 'JSX.IntrinsicElements'.
app/applet/src/App.tsx(93,9): error TS2339: Property 'h1' does not exist on type 'JSX.IntrinsicElements'.
app/applet/src/App.tsx(94,9): error TS2339: Property 'p' does not exist on type 'JSX.IntrinsicElements'.
app/applet/src/App.tsx(94,72): error TS2339: Property 'p' does not exist on type 'JSX.IntrinsicElements'.
app/applet/src/App.tsx(95,7): error TS2339: Property 'div' does not exist on type 'JSX.IntrinsicElements'.
app/applet/src/App.tsx(97,7): error TS2339: Property 'div' does not exist on type 'JSX.IntrinsicElements'.
app/applet/src/App.tsx(98,9): error TS2339: Property 'button' does not exist on type 'JSX.IntrinsicElements'.
app/applet/src/App.tsx(102,11): error TS2339: Property 'div' does not exist on type 'JSX.IntrinsicElements'.
app/applet/src/App.tsx(104,11): error TS2339: Property 'div' does not exist on type 'JSX.IntrinsicElements'.
app/applet/src/App.tsx(105,11): error TS2339: Property 'span' does not exist on type 'JSX.IntrinsicElements'.
app/applet/src/App.tsx(105,59): error TS2339: Property 'span' does not exist on type 'JSX.IntrinsicElements'.
app/applet/src/App.tsx(106,9): error TS2339: Property 'button' does not exist on type 'JSX.IntrinsicElements'.
app/applet/src/App.tsx(107,9): error TS2339: Property 'button' does not exist on type 'JSX.IntrinsicElements'.
app/applet/src/App.tsx(111,11): error TS2339: Property 'div' does not exist on type 'JSX.IntrinsicElements'.
app/applet/src/App.tsx(113,11): error TS2339: Property 'div' does not exist on type 'JSX.IntrinsicElements'.
app/applet/src/App.tsx(114,11): error TS2339: Property 'span' does not exist on type 'JSX.IntrinsicElements'.
app/applet/src/App.tsx(114,58): error TS2339: Property 'span' does not exist on type 'JSX.IntrinsicElements'.
app/applet/src/App.tsx(115,9): error TS2339: Property 'button' does not exist on type 'JSX.IntrinsicElements'.
app/applet/src/App.tsx(116,7): error TS2339: Property 'div' does not exist on type 'JSX.IntrinsicElements'.
app/applet/src/App.tsx(117,5): error TS2339: Property 'div' does not exist on type 'JSX.IntrinsicElements'.
app/applet/src/App.tsx(169,7): error TS2339: Property 'div' does not exist on type 'JSX.IntrinsicElements'.
app/applet/src/App.tsx(171,7): error TS2339: Property 'div' does not exist on type 'JSX.IntrinsicElements'.
app/applet/src/App.tsx(193,9): error TS2339: Property 'div' does not exist on type 'JSX.IntrinsicElements'.
app/applet/src/App.tsx(195,9): error TS2339: Property 'div' does not exist on type 'JSX.IntrinsicElements'.
app/applet/src/App.tsx(203,7): error TS2339: Property 'div' does not exist on type 'JSX.IntrinsicElements'.
app/applet/src/App.tsx(204,9): error TS2339: Property 'div' does not exist on type 'JSX.IntrinsicElements'.
app/applet/src/App.tsx(206,9): error TS2339: Property 'div' does not exist on type 'JSX.IntrinsicElements'.
app/applet/src/App.tsx(208,7): error TS2339: Property 'div' does not exist on type 'JSX.IntrinsicElements'.
app/applet/src/App.tsx(214,7): error TS2339: Property 'div' does not exist on type 'JSX.IntrinsicElements'.
app/applet/src/App.tsx(215,9): error TS2339: Property 'div' does not exist on type 'JSX.IntrinsicElements'.
app/applet/src/App.tsx(217,9): error TS2339: Property 'div' does not exist on type 'JSX.IntrinsicElements'.
app/applet/src/App.tsx(219,7): error TS2339: Property 'div' does not exist on type 'JSX.IntrinsicElements'.
app/applet/src/App.tsx(224,5): error TS2339: Property 'div' does not exist on type 'JSX.IntrinsicElements'.
app/applet/src/App.tsx(225,7): error TS2339: Property 'div' does not exist on type 'JSX.IntrinsicElements'.
app/applet/src/App.tsx(225,137): error TS2339: Property 'div' does not exist on type 'JSX.IntrinsicElements'.
app/applet/src/App.tsx(226,7): error TS2339: Property 'div' does not exist on type 'JSX.IntrinsicElements'.
app/applet/src/App.tsx(226,143): error TS2339: Property 'div' does not exist on type 'JSX.IntrinsicElements'.
app/applet/src/App.tsx(228,7): error TS2339: Property 'div' does not exist on type 'JSX.IntrinsicElements'.
app/applet/src/App.tsx(230,7): error TS2339: Property 'div' does not exist on type 'JSX.IntrinsicElements'.
app/applet/src/App.tsx(232,7): error TS2339: Property 'div' does not exist on type 'JSX.IntrinsicElements'.
app/applet/src/App.tsx(233,9): error TS2339: Property 'h1' does not exist on type 'JSX.IntrinsicElements'.
app/applet/src/App.tsx(234,14): error TS2339: Property 'span' does not exist on type 'JSX.IntrinsicElements'.
app/applet/src/App.tsx(234,48): error TS2339: Property 'span' does not exist on type 'JSX.IntrinsicElements'.
app/applet/src/App.tsx(235,9): error TS2339: Property 'h1' does not exist on type 'JSX.IntrinsicElements'.
app/applet/src/App.tsx(236,9): error TS2339: Property 'p' does not exist on type 'JSX.IntrinsicElements'.
app/applet/src/App.tsx(236,72): error TS2339: Property 'p' does not exist on type 'JSX.IntrinsicElements'.
app/applet/src/App.tsx(237,7): error TS2339: Property 'div' does not exist on type 'JSX.IntrinsicElements'.
app/applet/src/App.tsx(239,7): error TS2339: Property 'div' does not exist on type 'JSX.IntrinsicElements'.
app/applet/src/App.tsx(240,9): error TS2339: Property 'button' does not exist on type 'JSX.IntrinsicElements'.
app/applet/src/App.tsx(244,11): error TS2339: Property 'div' does not exist on type 'JSX.IntrinsicElements'.
app/applet/src/App.tsx(246,11): error TS2339: Property 'div' does not exist on type 'JSX.IntrinsicElements'.
app/applet/src/App.tsx(247,11): error TS2339: Property 'span' does not exist on type 'JSX.IntrinsicElements'.
app/applet/src/App.tsx(247,59): error TS2339: Property 'span' does not exist on type 'JSX.IntrinsicElements'.
app/applet/src/App.tsx(248,9): error TS2339: Property 'button' does not exist on type 'JSX.IntrinsicElements'.
app/applet/src/App.tsx(249,9): error TS2339: Property 'button' does not exist on type 'JSX.IntrinsicElements'.
app/applet/src/App.tsx(253,11): error TS2339: Property 'div' does not exist on type 'JSX.IntrinsicElements'.
app/applet/src/App.tsx(255,11): error TS2339: Property 'div' does not exist on type 'JSX.IntrinsicElements'.
app/applet/src/App.tsx(256,11): error TS2339: Property 'span' does not exist on type 'JSX.IntrinsicElements'.
app/applet/src/App.tsx(256,58): error TS2339: Property 'span' does not exist on type 'JSX.IntrinsicElements'.
app/applet/src/App.tsx(257,9): error TS2339: Property 'button' does not exist on type 'JSX.IntrinsicElements'.
app/applet/src/App.tsx(258,7): error TS2339: Property 'div' does not exist on type 'JSX.IntrinsicElements'.
app/applet/src/App.tsx(259,5): error TS2339: Property 'div' does not exist on type 'JSX.IntrinsicElements'.
app/applet/src/components/WebtorPlayer.tsx(53,5): error TS2339: Property 'div' does not exist on type 'JSX.IntrinsicElements'.
app/applet/src/components/WebtorPlayer.tsx(54,7): error TS2339: Property 'div' does not exist on type 'JSX.IntrinsicElements'.
app/applet/src/components/WebtorPlayer.tsx(55,5): error TS2339: Property 'div' does not exist on type 'JSX.IntrinsicElements'.
app/applet/src/components/auth/Login.tsx(4,29): error TS2307: Cannot find module '../LiquidGlass' or its corresponding type declarations.
app/applet/src/components/auth/Login.tsx(16,33): error TS2503: Cannot find namespace 'React'.
app/applet/src/components/auth/Login.tsx(35,5): error TS2339: Property 'div' does not exist on type 'JSX.IntrinsicElements'.
app/applet/src/components/auth/Login.tsx(36,7): error TS2339: Property 'div' does not exist on type 'JSX.IntrinsicElements'.
app/applet/src/components/auth/Login.tsx(36,137): error TS2339: Property 'div' does not exist on type 'JSX.IntrinsicElements'.
app/applet/src/components/auth/Login.tsx(37,7): error TS2339: Property 'div' does not exist on type 'JSX.IntrinsicElements'.
app/applet/src/components/auth/Login.tsx(37,143): error TS2339: Property 'div' does not exist on type 'JSX.IntrinsicElements'.
app/applet/src/components/auth/Login.tsx(45,9): error TS2339: Property 'div' does not exist on type 'JSX.IntrinsicElements'.
app/applet/src/components/auth/Login.tsx(46,11): error TS2339: Property 'div' does not exist on type 'JSX.IntrinsicElements'.
app/applet/src/components/auth/Login.tsx(48,11): error TS2339: Property 'div' does not exist on type 'JSX.IntrinsicElements'.
app/applet/src/components/auth/Login.tsx(49,11): error TS2339: Property 'h1' does not exist on type 'JSX.IntrinsicElements'.
app/applet/src/components/auth/Login.tsx(50,16): error TS2339: Property 'span' does not exist on type 'JSX.IntrinsicElements'.
app/applet/src/components/auth/Login.tsx(50,50): error TS2339: Property 'span' does not exist on type 'JSX.IntrinsicElements'.
app/applet/src/components/auth/Login.tsx(51,11): error TS2339: Property 'h1' does not exist on type 'JSX.IntrinsicElements'.
app/applet/src/components/auth/Login.tsx(52,11): error TS2339: Property 'p' does not exist on type 'JSX.IntrinsicElements'.
app/applet/src/components/auth/Login.tsx(52,83): error TS2339: Property 'p' does not exist on type 'JSX.IntrinsicElements'.
app/applet/src/components/auth/Login.tsx(53,9): error TS2339: Property 'div' does not exist on type 'JSX.IntrinsicElements'.
app/applet/src/components/auth/Login.tsx(56,11): error TS2339: Property 'form' does not exist on type 'JSX.IntrinsicElements'.
app/applet/src/components/auth/Login.tsx(58,15): error TS2339: Property 'div' does not exist on type 'JSX.IntrinsicElements'.
app/applet/src/components/auth/Login.tsx(60,15): error TS2339: Property 'div' does not exist on type 'JSX.IntrinsicElements'.
app/applet/src/components/auth/Login.tsx(63,13): error TS2339: Property 'div' does not exist on type 'JSX.IntrinsicElements'.
app/applet/src/components/auth/Login.tsx(64,15): error TS2339: Property 'label' does not exist on type 'JSX.IntrinsicElements'.
app/applet/src/components/auth/Login.tsx(64,79): error TS2339: Property 'label' does not exist on type 'JSX.IntrinsicElements'.
app/applet/src/components/auth/Login.tsx(65,15): error TS2339: Property 'input' does not exist on type 'JSX.IntrinsicElements'.
app/applet/src/components/auth/Login.tsx(72,13): error TS2339: Property 'div' does not exist on type 'JSX.IntrinsicElements'.
app/applet/src/components/auth/Login.tsx(74,13): error TS2339: Property 'div' does not exist on type 'JSX.IntrinsicElements'.
app/applet/src/components/auth/Login.tsx(75,15): error TS2339: Property 'label' does not exist on type 'JSX.IntrinsicElements'.
app/applet/src/components/auth/Login.tsx(75,82): error TS2339: Property 'label' does not exist on type 'JSX.IntrinsicElements'.
app/applet/src/components/auth/Login.tsx(76,15): error TS2339: Property 'div' does not exist on type 'JSX.IntrinsicElements'.
app/applet/src/components/auth/Login.tsx(77,17): error TS2339: Property 'input' does not exist on type 'JSX.IntrinsicElements'.
app/applet/src/components/auth/Login.tsx(84,17): error TS2339: Property 'button' does not exist on type 'JSX.IntrinsicElements'.
app/applet/src/components/auth/Login.tsx(90,17): error TS2339: Property 'button' does not exist on type 'JSX.IntrinsicElements'.
app/applet/src/components/auth/Login.tsx(91,15): error TS2339: Property 'div' does not exist on type 'JSX.IntrinsicElements'.
app/applet/src/components/auth/Login.tsx(92,13): error TS2339: Property 'div' does not exist on type 'JSX.IntrinsicElements'.
app/applet/src/components/auth/Login.tsx(94,13): error TS2339: Property 'div' does not exist on type 'JSX.IntrinsicElements'.
app/applet/src/components/auth/Login.tsx(95,15): error TS2339: Property 'button' does not exist on type 'JSX.IntrinsicElements'.
app/applet/src/components/auth/Login.tsx(97,15): error TS2339: Property 'button' does not exist on type 'JSX.IntrinsicElements'.
app/applet/src/components/auth/Login.tsx(98,13): error TS2339: Property 'div' does not exist on type 'JSX.IntrinsicElements'.
app/applet/src/components/auth/Login.tsx(100,13): error TS2339: Property 'button' does not exist on type 'JSX.IntrinsicElements'.
app/applet/src/components/auth/Login.tsx(106,13): error TS2339: Property 'button' does not exist on type 'JSX.IntrinsicElements'.
app/applet/src/components/auth/Login.tsx(108,13): error TS2339: Property 'div' does not exist on type 'JSX.IntrinsicElements'.
app/applet/src/components/auth/Login.tsx(109,15): error TS2339: Property 'span' does not exist on type 'JSX.IntrinsicElements'.
app/applet/src/components/auth/Login.tsx(109,70): error TS2339: Property 'span' does not exist on type 'JSX.IntrinsicElements'.
app/applet/src/components/auth/Login.tsx(110,15): error TS2339: Property 'button' does not exist on type 'JSX.IntrinsicElements'.
app/applet/src/components/auth/Login.tsx(116,15): error TS2339: Property 'button' does not exist on type 'JSX.IntrinsicElements'.
app/applet/src/components/auth/Login.tsx(117,13): error TS2339: Property 'div' does not exist on type 'JSX.IntrinsicElements'.
app/applet/src/components/auth/Login.tsx(118,11): error TS2339: Property 'form' does not exist on type 'JSX.IntrinsicElements'.
app/applet/src/components/auth/Login.tsx(121,5): error TS2339: Property 'div' does not exist on type 'JSX.IntrinsicElements'.
app/applet/src/components/auth/Register.tsx(4,29): error TS2307: Cannot find module '../LiquidGlass' or its corresponding type declarations.
app/applet/src/components/auth/Register.tsx(18,36): error TS2503: Cannot find namespace 'React'.
app/applet/src/components/auth/Register.tsx(50,5): error TS2339: Property 'div' does not exist on type 'JSX.IntrinsicElements'.
app/applet/src/components/auth/Register.tsx(51,7): error TS2339: Property 'div' does not exist on type 'JSX.IntrinsicElements'.
app/applet/src/components/auth/Register.tsx(51,138): error TS2339: Property 'div' does not exist on type 'JSX.IntrinsicElements'.
app/applet/src/components/auth/Register.tsx(52,7): error TS2339: Property 'div' does not exist on type 'JSX.IntrinsicElements'.
app/applet/src/components/auth/Register.tsx(52,142): error TS2339: Property 'div' does not exist on type 'JSX.IntrinsicElements'.
app/applet/src/components/auth/Register.tsx(60,9): error TS2339: Property 'div' does not exist on type 'JSX.IntrinsicElements'.
app/applet/src/components/auth/Register.tsx(61,11): error TS2339: Property 'div' does not exist on type 'JSX.IntrinsicElements'.
app/applet/src/components/auth/Register.tsx(63,11): error TS2339: Property 'div' does not exist on type 'JSX.IntrinsicElements'.
app/applet/src/components/auth/Register.tsx(64,11): error TS2339: Property 'h1' does not exist on type 'JSX.IntrinsicElements'.
app/applet/src/components/auth/Register.tsx(64,80): error TS2339: Property 'h1' does not exist on type 'JSX.IntrinsicElements'.
app/applet/src/components/auth/Register.tsx(65,11): error TS2339: Property 'p' does not exist on type 'JSX.IntrinsicElements'.
app/applet/src/components/auth/Register.tsx(65,101): error TS2339: Property 'p' does not exist on type 'JSX.IntrinsicElements'.
app/applet/src/components/auth/Register.tsx(66,9): error TS2339: Property 'div' does not exist on type 'JSX.IntrinsicElements'.
app/applet/src/components/auth/Register.tsx(69,11): error TS2339: Property 'form' does not exist on type 'JSX.IntrinsicElements'.
app/applet/src/components/auth/Register.tsx(71,15): error TS2339: Property 'div' does not exist on type 'JSX.IntrinsicElements'.
app/applet/src/components/auth/Register.tsx(73,15): error TS2339: Property 'div' does not exist on type 'JSX.IntrinsicElements'.
app/applet/src/components/auth/Register.tsx(76,13): error TS2339: Property 'div' does not exist on type 'JSX.IntrinsicElements'.
app/applet/src/components/auth/Register.tsx(77,15): error TS2339: Property 'label' does not exist on type 'JSX.IntrinsicElements'.
app/applet/src/components/auth/Register.tsx(77,83): error TS2339: Property 'label' does not exist on type 'JSX.IntrinsicElements'.
app/applet/src/components/auth/Register.tsx(78,15): error TS2339: Property 'input' does not exist on type 'JSX.IntrinsicElements'.
app/applet/src/components/auth/Register.tsx(85,13): error TS2339: Property 'div' does not exist on type 'JSX.IntrinsicElements'.
app/applet/src/components/auth/Register.tsx(87,13): error TS2339: Property 'div' does not exist on type 'JSX.IntrinsicElements'.
app/applet/src/components/auth/Register.tsx(88,15): error TS2339: Property 'label' does not exist on type 'JSX.IntrinsicElements'.
app/applet/src/components/auth/Register.tsx(88,79): error TS2339: Property 'label' does not exist on type 'JSX.IntrinsicElements'.
app/applet/src/components/auth/Register.tsx(89,15): error TS2339: Property 'input' does not exist on type 'JSX.IntrinsicElements'.
app/applet/src/components/auth/Register.tsx(96,13): error TS2339: Property 'div' does not exist on type 'JSX.IntrinsicElements'.
app/applet/src/components/auth/Register.tsx(98,13): error TS2339: Property 'div' does not exist on type 'JSX.IntrinsicElements'.
app/applet/src/components/auth/Register.tsx(99,15): error TS2339: Property 'label' does not exist on type 'JSX.IntrinsicElements'.
app/applet/src/components/auth/Register.tsx(99,82): error TS2339: Property 'label' does not exist on type 'JSX.IntrinsicElements'.
app/applet/src/components/auth/Register.tsx(100,15): error TS2339: Property 'div' does not exist on type 'JSX.IntrinsicElements'.
app/applet/src/components/auth/Register.tsx(101,17): error TS2339: Property 'input' does not exist on type 'JSX.IntrinsicElements'.
app/applet/src/components/auth/Register.tsx(108,17): error TS2339: Property 'button' does not exist on type 'JSX.IntrinsicElements'.
app/applet/src/components/auth/Register.tsx(114,17): error TS2339: Property 'button' does not exist on type 'JSX.IntrinsicElements'.
app/applet/src/components/auth/Register.tsx(115,15): error TS2339: Property 'div' does not exist on type 'JSX.IntrinsicElements'.
app/applet/src/components/auth/Register.tsx(116,13): error TS2339: Property 'div' does not exist on type 'JSX.IntrinsicElements'.
app/applet/src/components/auth/Register.tsx(118,13): error TS2339: Property 'div' does not exist on type 'JSX.IntrinsicElements'.
app/applet/src/components/auth/Register.tsx(119,15): error TS2339: Property 'label' does not exist on type 'JSX.IntrinsicElements'.
app/applet/src/components/auth/Register.tsx(119,90): error TS2339: Property 'label' does not exist on type 'JSX.IntrinsicElements'.
app/applet/src/components/auth/Register.tsx(120,15): error TS2339: Property 'div' does not exist on type 'JSX.IntrinsicElements'.
app/applet/src/components/auth/Register.tsx(121,17): error TS2339: Property 'input' does not exist on type 'JSX.IntrinsicElements'.
app/applet/src/components/auth/Register.tsx(128,15): error TS2339: Property 'div' does not exist on type 'JSX.IntrinsicElements'.
app/applet/src/components/auth/Register.tsx(129,13): error TS2339: Property 'div' does not exist on type 'JSX.IntrinsicElements'.
app/applet/src/components/auth/Register.tsx(131,13): error TS2339: Property 'button' does not exist on type 'JSX.IntrinsicElements'.
app/applet/src/components/auth/Register.tsx(137,13): error TS2339: Property 'button' does not exist on type 'JSX.IntrinsicElements'.
app/applet/src/components/auth/Register.tsx(139,13): error TS2339: Property 'div' does not exist on type 'JSX.IntrinsicElements'.
app/applet/src/components/auth/Register.tsx(140,15): error TS2339: Property 'span' does not exist on type 'JSX.IntrinsicElements'.
app/applet/src/components/auth/Register.tsx(140,81): error TS2339: Property 'span' does not exist on type 'JSX.IntrinsicElements'.
app/applet/src/components/auth/Register.tsx(141,15): error TS2339: Property 'button' does not exist on type 'JSX.IntrinsicElements'.
app/applet/src/components/auth/Register.tsx(147,15): error TS2339: Property 'button' does not exist on type 'JSX.IntrinsicElements'.
app/applet/src/components/auth/Register.tsx(148,13): error TS2339: Property 'div' does not exist on type 'JSX.IntrinsicElements'.
app/applet/src/components/auth/Register.tsx(149,11): error TS2339: Property 'form' does not exist on type 'JSX.IntrinsicElements'.
app/applet/src/components/auth/Register.tsx(152,5): error TS2339: Property 'div' does not exist on type 'JSX.IntrinsicElements'.
app/applet/src/components/profiles/AddProfile.tsx(4,29): error TS2307: Cannot find module '../LiquidGlass' or its corresponding type declarations.
app/applet/src/components/profiles/AddProfile.tsx(16,34): error TS2503: Cannot find namespace 'React'.
app/applet/src/components/profiles/AddProfile.tsx(37,5): error TS2339: Property 'div' does not exist on type 'JSX.IntrinsicElements'.
app/applet/src/components/profiles/AddProfile.tsx(38,7): error TS2339: Property 'div' does not exist on type 'JSX.IntrinsicElements'.
app/applet/src/components/profiles/AddProfile.tsx(38,138): error TS2339: Property 'div' does not exist on type 'JSX.IntrinsicElements'.
app/applet/src/components/profiles/AddProfile.tsx(46,9): error TS2339: Property 'div' does not exist on type 'JSX.IntrinsicElements'.
app/applet/src/components/profiles/AddProfile.tsx(47,11): error TS2339: Property 'button' does not exist on type 'JSX.IntrinsicElements'.
app/applet/src/components/profiles/AddProfile.tsx(49,11): error TS2339: Property 'button' does not exist on type 'JSX.IntrinsicElements'.
app/applet/src/components/profiles/AddProfile.tsx(50,11): error TS2339: Property 'h1' does not exist on type 'JSX.IntrinsicElements'.
app/applet/src/components/profiles/AddProfile.tsx(50,72): error TS2339: Property 'h1' does not exist on type 'JSX.IntrinsicElements'.
app/applet/src/components/profiles/AddProfile.tsx(51,11): error TS2339: Property 'div' does not exist on type 'JSX.IntrinsicElements'.
app/applet/src/components/profiles/AddProfile.tsx(51,33): error TS2339: Property 'div' does not exist on type 'JSX.IntrinsicElements'.
app/applet/src/components/profiles/AddProfile.tsx(52,9): error TS2339: Property 'div' does not exist on type 'JSX.IntrinsicElements'.
app/applet/src/components/profiles/AddProfile.tsx(55,11): error TS2339: Property 'form' does not exist on type 'JSX.IntrinsicElements'.
app/applet/src/components/profiles/AddProfile.tsx(57,13): error TS2339: Property 'div' does not exist on type 'JSX.IntrinsicElements'.
app/applet/src/components/profiles/AddProfile.tsx(59,17): error TS2339: Property 'div' does not exist on type 'JSX.IntrinsicElements'.
app/applet/src/components/profiles/AddProfile.tsx(61,17): error TS2339: Property 'div' does not exist on type 'JSX.IntrinsicElements'.
app/applet/src/components/profiles/AddProfile.tsx(64,15): error TS2339: Property 'div' does not exist on type 'JSX.IntrinsicElements'.
app/applet/src/components/profiles/AddProfile.tsx(65,17): error TS2339: Property 'label' does not exist on type 'JSX.IntrinsicElements'.
app/applet/src/components/profiles/AddProfile.tsx(65,88): error TS2339: Property 'label' does not exist on type 'JSX.IntrinsicElements'.
app/applet/src/components/profiles/AddProfile.tsx(66,17): error TS2339: Property 'input' does not exist on type 'JSX.IntrinsicElements'.
app/applet/src/components/profiles/AddProfile.tsx(73,15): error TS2339: Property 'div' does not exist on type 'JSX.IntrinsicElements'.
app/applet/src/components/profiles/AddProfile.tsx(75,15): error TS2339: Property 'label' does not exist on type 'JSX.IntrinsicElements'.
app/applet/src/components/profiles/AddProfile.tsx(76,17): error TS2339: Property 'input' does not exist on type 'JSX.IntrinsicElements'.
app/applet/src/components/profiles/AddProfile.tsx(82,17): error TS2339: Property 'div' does not exist on type 'JSX.IntrinsicElements'.
app/applet/src/components/profiles/AddProfile.tsx(83,19): error TS2339: Property 'div' does not exist on type 'JSX.IntrinsicElements'.
app/applet/src/components/profiles/AddProfile.tsx(83,60): error TS2339: Property 'div' does not exist on type 'JSX.IntrinsicElements'.
app/applet/src/components/profiles/AddProfile.tsx(84,19): error TS2339: Property 'div' does not exist on type 'JSX.IntrinsicElements'.
app/applet/src/components/profiles/AddProfile.tsx(84,92): error TS2339: Property 'div' does not exist on type 'JSX.IntrinsicElements'.
app/applet/src/components/profiles/AddProfile.tsx(85,17): error TS2339: Property 'div' does not exist on type 'JSX.IntrinsicElements'.
app/applet/src/components/profiles/AddProfile.tsx(86,15): error TS2339: Property 'label' does not exist on type 'JSX.IntrinsicElements'.
app/applet/src/components/profiles/AddProfile.tsx(88,15): error TS2339: Property 'div' does not exist on type 'JSX.IntrinsicElements'.
app/applet/src/components/profiles/AddProfile.tsx(89,17): error TS2339: Property 'button' does not exist on type 'JSX.IntrinsicElements'.
app/applet/src/components/profiles/AddProfile.tsx(95,17): error TS2339: Property 'button' does not exist on type 'JSX.IntrinsicElements'.
app/applet/src/components/profiles/AddProfile.tsx(96,17): error TS2339: Property 'button' does not exist on type 'JSX.IntrinsicElements'.
app/applet/src/components/profiles/AddProfile.tsx(102,17): error TS2339: Property 'button' does not exist on type 'JSX.IntrinsicElements'.
app/applet/src/components/profiles/AddProfile.tsx(103,15): error TS2339: Property 'div' does not exist on type 'JSX.IntrinsicElements'.
app/applet/src/components/profiles/AddProfile.tsx(104,13): error TS2339: Property 'div' does not exist on type 'JSX.IntrinsicElements'.
app/applet/src/components/profiles/AddProfile.tsx(106,13): error TS2339: Property 'div' does not exist on type 'JSX.IntrinsicElements'.
app/applet/src/components/profiles/AddProfile.tsx(107,15): error TS2339: Property 'label' does not exist on type 'JSX.IntrinsicElements'.
app/applet/src/components/profiles/AddProfile.tsx(107,87): error TS2339: Property 'label' does not exist on type 'JSX.IntrinsicElements'.
app/applet/src/components/profiles/AddProfile.tsx(108,15): error TS2339: Property 'div' does not exist on type 'JSX.IntrinsicElements'.
app/applet/src/components/profiles/AddProfile.tsx(110,19): error TS2339: Property 'button' does not exist on type 'JSX.IntrinsicElements'.
app/applet/src/components/profiles/AddProfile.tsx(120,21): error TS2339: Property 'img' does not exist on type 'JSX.IntrinsicElements'.
app/applet/src/components/profiles/AddProfile.tsx(121,19): error TS2339: Property 'button' does not exist on type 'JSX.IntrinsicElements'.
app/applet/src/components/profiles/AddProfile.tsx(123,15): error TS2339: Property 'div' does not exist on type 'JSX.IntrinsicElements'.
app/applet/src/components/profiles/AddProfile.tsx(124,13): error TS2339: Property 'div' does not exist on type 'JSX.IntrinsicElements'.
app/applet/src/components/profiles/AddProfile.tsx(125,11): error TS2339: Property 'form' does not exist on type 'JSX.IntrinsicElements'.
app/applet/src/components/profiles/AddProfile.tsx(128,5): error TS2339: Property 'div' does not exist on type 'JSX.IntrinsicElements'.
app/applet/src/components/profiles/ManageProfiles.tsx(4,29): error TS2307: Cannot find module '../LiquidGlass' or its corresponding type declarations.
app/applet/src/components/profiles/ManageProfiles.tsx(37,5): error TS2339: Property 'div' does not exist on type 'JSX.IntrinsicElements'.
app/applet/src/components/profiles/ManageProfiles.tsx(38,7): error TS2339: Property 'div' does not exist on type 'JSX.IntrinsicElements'.
app/applet/src/components/profiles/ManageProfiles.tsx(38,137): error TS2339: Property 'div' does not exist on type 'JSX.IntrinsicElements'.
app/applet/src/components/profiles/ManageProfiles.tsx(46,9): error TS2339: Property 'div' does not exist on type 'JSX.IntrinsicElements'.
app/applet/src/components/profiles/ManageProfiles.tsx(47,11): error TS2339: Property 'button' does not exist on type 'JSX.IntrinsicElements'.
app/applet/src/components/profiles/ManageProfiles.tsx(49,11): error TS2339: Property 'button' does not exist on type 'JSX.IntrinsicElements'.
app/applet/src/components/profiles/ManageProfiles.tsx(50,9): error TS2339: Property 'div' does not exist on type 'JSX.IntrinsicElements'.
app/applet/src/components/profiles/ManageProfiles.tsx(52,9): error TS2339: Property 'h1' does not exist on type 'JSX.IntrinsicElements'.
app/applet/src/components/profiles/ManageProfiles.tsx(52,104): error TS2339: Property 'h1' does not exist on type 'JSX.IntrinsicElements'.
app/applet/src/components/profiles/ManageProfiles.tsx(54,9): error TS2339: Property 'div' does not exist on type 'JSX.IntrinsicElements'.
app/applet/src/components/profiles/ManageProfiles.tsx(60,15): error TS2339: Property 'div' does not exist on type 'JSX.IntrinsicElements'.
app/applet/src/components/profiles/ManageProfiles.tsx(61,17): error TS2339: Property 'img' does not exist on type 'JSX.IntrinsicElements'.
app/applet/src/components/profiles/ManageProfiles.tsx(64,19): error TS2339: Property 'div' does not exist on type 'JSX.IntrinsicElements'.
app/applet/src/components/profiles/ManageProfiles.tsx(66,21): error TS2339: Property 'button' does not exist on type 'JSX.IntrinsicElements'.
app/applet/src/components/profiles/ManageProfiles.tsx(71,21): error TS2339: Property 'button' does not exist on type 'JSX.IntrinsicElements'.
app/applet/src/components/profiles/ManageProfiles.tsx(72,19): error TS2339: Property 'div' does not exist on type 'JSX.IntrinsicElements'.
app/applet/src/components/profiles/ManageProfiles.tsx(74,15): error TS2339: Property 'div' does not exist on type 'JSX.IntrinsicElements'.
app/applet/src/components/profiles/ManageProfiles.tsx(75,15): error TS2339: Property 'div' does not exist on type 'JSX.IntrinsicElements'.
app/applet/src/components/profiles/ManageProfiles.tsx(76,17): error TS2339: Property 'span' does not exist on type 'JSX.IntrinsicElements'.
app/applet/src/components/profiles/ManageProfiles.tsx(78,17): error TS2339: Property 'span' does not exist on type 'JSX.IntrinsicElements'.
app/applet/src/components/profiles/ManageProfiles.tsx(80,19): error TS2339: Property 'span' does not exist on type 'JSX.IntrinsicElements'.
app/applet/src/components/profiles/ManageProfiles.tsx(80,107): error TS2339: Property 'span' does not exist on type 'JSX.IntrinsicElements'.
app/applet/src/components/profiles/ManageProfiles.tsx(82,15): error TS2339: Property 'div' does not exist on type 'JSX.IntrinsicElements'.
app/applet/src/components/profiles/ManageProfiles.tsx(94,23): error TS2339: Property 'p' does not exist on type 'JSX.IntrinsicElements'.
app/applet/src/components/profiles/ManageProfiles.tsx(94,78): error TS2339: Property 'p' does not exist on type 'JSX.IntrinsicElements'.
app/applet/src/components/profiles/ManageProfiles.tsx(95,23): error TS2339: Property 'p' does not exist on type 'JSX.IntrinsicElements'.
app/applet/src/components/profiles/ManageProfiles.tsx(95,117): error TS2339: Property 'p' does not exist on type 'JSX.IntrinsicElements'.
app/applet/src/components/profiles/ManageProfiles.tsx(96,23): error TS2339: Property 'div' does not exist on type 'JSX.IntrinsicElements'.
app/applet/src/components/profiles/ManageProfiles.tsx(97,25): error TS2339: Property 'button' does not exist on type 'JSX.IntrinsicElements'.
app/applet/src/components/profiles/ManageProfiles.tsx(97,171): error TS2339: Property 'button' does not exist on type 'JSX.IntrinsicElements'.
app/applet/src/components/profiles/ManageProfiles.tsx(98,25): error TS2339: Property 'button' does not exist on type 'JSX.IntrinsicElements'.
app/applet/src/components/profiles/ManageProfiles.tsx(98,182): error TS2339: Property 'button' does not exist on type 'JSX.IntrinsicElements'.
app/applet/src/components/profiles/ManageProfiles.tsx(99,23): error TS2339: Property 'div' does not exist on type 'JSX.IntrinsicElements'.
app/applet/src/components/profiles/ManageProfiles.tsx(114,15): error TS2339: Property 'div' does not exist on type 'JSX.IntrinsicElements'.
app/applet/src/components/profiles/ManageProfiles.tsx(116,15): error TS2339: Property 'div' does not exist on type 'JSX.IntrinsicElements'.
app/applet/src/components/profiles/ManageProfiles.tsx(117,15): error TS2339: Property 'span' does not exist on type 'JSX.IntrinsicElements'.
app/applet/src/components/profiles/ManageProfiles.tsx(119,15): error TS2339: Property 'span' does not exist on type 'JSX.IntrinsicElements'.
app/applet/src/components/profiles/ManageProfiles.tsx(122,9): error TS2339: Property 'div' does not exist on type 'JSX.IntrinsicElements'.
app/applet/src/components/profiles/ManageProfiles.tsx(124,5): error TS2339: Property 'div' does not exist on type 'JSX.IntrinsicElements'.
app/applet/src/components/profiles/ProfileMenu.tsx(3,29): error TS2307: Cannot find module '../LiquidGlass' or its corresponding type declarations.
app/applet/src/components/profiles/ProfileMenu.tsx(25,5): error TS2339: Property 'div' does not exist on type 'JSX.IntrinsicElements'.
app/applet/src/components/profiles/ProfileMenu.tsx(26,7): error TS2339: Property 'button' does not exist on type 'JSX.IntrinsicElements'.
app/applet/src/components/profiles/ProfileMenu.tsx(30,9): error TS2339: Property 'img' does not exist on type 'JSX.IntrinsicElements'.
app/applet/src/components/profiles/ProfileMenu.tsx(31,9): error TS2339: Property 'span' does not exist on type 'JSX.IntrinsicElements'.
app/applet/src/components/profiles/ProfileMenu.tsx(31,83): error TS2339: Property 'span' does not exist on type 'JSX.IntrinsicElements'.
app/applet/src/components/profiles/ProfileMenu.tsx(33,7): error TS2339: Property 'button' does not exist on type 'JSX.IntrinsicElements'.
app/applet/src/components/profiles/ProfileMenu.tsx(45,15): error TS2339: Property 'div' does not exist on type 'JSX.IntrinsicElements'.
app/applet/src/components/profiles/ProfileMenu.tsx(46,17): error TS2339: Property 'img' does not exist on type 'JSX.IntrinsicElements'.
app/applet/src/components/profiles/ProfileMenu.tsx(47,17): error TS2339: Property 'div' does not exist on type 'JSX.IntrinsicElements'.
app/applet/src/components/profiles/ProfileMenu.tsx(48,19): error TS2339: Property 'span' does not exist on type 'JSX.IntrinsicElements'.
app/applet/src/components/profiles/ProfileMenu.tsx(48,71): error TS2339: Property 'span' does not exist on type 'JSX.IntrinsicElements'.
app/applet/src/components/profiles/ProfileMenu.tsx(49,44): error TS2339: Property 'span' does not exist on type 'JSX.IntrinsicElements'.
app/applet/src/components/profiles/ProfileMenu.tsx(49,127): error TS2339: Property 'span' does not exist on type 'JSX.IntrinsicElements'.
app/applet/src/components/profiles/ProfileMenu.tsx(50,17): error TS2339: Property 'div' does not exist on type 'JSX.IntrinsicElements'.
app/applet/src/components/profiles/ProfileMenu.tsx(51,15): error TS2339: Property 'div' does not exist on type 'JSX.IntrinsicElements'.
app/applet/src/components/profiles/ProfileMenu.tsx(53,15): error TS2339: Property 'div' does not exist on type 'JSX.IntrinsicElements'.
app/applet/src/components/profiles/ProfileMenu.tsx(54,17): error TS2339: Property 'button' does not exist on type 'JSX.IntrinsicElements'.
app/applet/src/components/profiles/ProfileMenu.tsx(59,17): error TS2339: Property 'button' does not exist on type 'JSX.IntrinsicElements'.
app/applet/src/components/profiles/ProfileMenu.tsx(60,17): error TS2339: Property 'button' does not exist on type 'JSX.IntrinsicElements'.
app/applet/src/components/profiles/ProfileMenu.tsx(65,17): error TS2339: Property 'button' does not exist on type 'JSX.IntrinsicElements'.
app/applet/src/components/profiles/ProfileMenu.tsx(66,17): error TS2339: Property 'button' does not exist on type 'JSX.IntrinsicElements'.
app/applet/src/components/profiles/ProfileMenu.tsx(71,17): error TS2339: Property 'button' does not exist on type 'JSX.IntrinsicElements'.
app/applet/src/components/profiles/ProfileMenu.tsx(72,15): error TS2339: Property 'div' does not exist on type 'JSX.IntrinsicElements'.
app/applet/src/components/profiles/ProfileMenu.tsx(74,15): error TS2339: Property 'div' does not exist on type 'JSX.IntrinsicElements'.
app/applet/src/components/profiles/ProfileMenu.tsx(75,17): error TS2339: Property 'button' does not exist on type 'JSX.IntrinsicElements'.
app/applet/src/components/profiles/ProfileMenu.tsx(80,17): error TS2339: Property 'button' does not exist on type 'JSX.IntrinsicElements'.
app/applet/src/components/profiles/ProfileMenu.tsx(81,15): error TS2339: Property 'div' does not exist on type 'JSX.IntrinsicElements'.
app/applet/src/components/profiles/ProfileMenu.tsx(86,5): error TS2339: Property 'div' does not exist on type 'JSX.IntrinsicElements'.
app/applet/src/components/profiles/ProfileSelection.tsx(4,29): error TS2307: Cannot find module '../LiquidGlass' or its corresponding type declarations.
app/applet/src/components/profiles/ProfileSelection.tsx(24,7): error TS2339: Property 'div' does not exist on type 'JSX.IntrinsicElements'.
app/applet/src/components/profiles/ProfileSelection.tsx(26,7): error TS2339: Property 'div' does not exist on type 'JSX.IntrinsicElements'.
app/applet/src/components/profiles/ProfileSelection.tsx(31,5): error TS2339: Property 'div' does not exist on type 'JSX.IntrinsicElements'.
app/applet/src/components/profiles/ProfileSelection.tsx(32,7): error TS2339: Property 'div' does not exist on type 'JSX.IntrinsicElements'.
app/applet/src/components/profiles/ProfileSelection.tsx(32,137): error TS2339: Property 'div' does not exist on type 'JSX.IntrinsicElements'.
app/applet/src/components/profiles/ProfileSelection.tsx(33,7): error TS2339: Property 'div' does not exist on type 'JSX.IntrinsicElements'.
app/applet/src/components/profiles/ProfileSelection.tsx(33,143): error TS2339: Property 'div' does not exist on type 'JSX.IntrinsicElements'.
app/applet/src/components/profiles/ProfileSelection.tsx(35,7): error TS2339: Property 'div' does not exist on type 'JSX.IntrinsicElements'.
app/applet/src/components/profiles/ProfileSelection.tsx(36,9): error TS2339: Property 'div' does not exist on type 'JSX.IntrinsicElements'.
app/applet/src/components/profiles/ProfileSelection.tsx(38,9): error TS2339: Property 'div' does not exist on type 'JSX.IntrinsicElements'.
app/applet/src/components/profiles/ProfileSelection.tsx(39,9): error TS2339: Property 'span' does not exist on type 'JSX.IntrinsicElements'.
app/applet/src/components/profiles/ProfileSelection.tsx(39,63): error TS2339: Property 'span' does not exist on type 'JSX.IntrinsicElements'.
app/applet/src/components/profiles/ProfileSelection.tsx(39,97): error TS2339: Property 'span' does not exist on type 'JSX.IntrinsicElements'.
app/applet/src/components/profiles/ProfileSelection.tsx(39,104): error TS2339: Property 'span' does not exist on type 'JSX.IntrinsicElements'.
app/applet/src/components/profiles/ProfileSelection.tsx(40,7): error TS2339: Property 'div' does not exist on type 'JSX.IntrinsicElements'.
app/applet/src/components/profiles/ProfileSelection.tsx(48,9): error TS2339: Property 'h1' does not exist on type 'JSX.IntrinsicElements'.
app/applet/src/components/profiles/ProfileSelection.tsx(48,104): error TS2339: Property 'h1' does not exist on type 'JSX.IntrinsicElements'.
app/applet/src/components/profiles/ProfileSelection.tsx(50,9): error TS2339: Property 'div' does not exist on type 'JSX.IntrinsicElements'.
app/applet/src/components/profiles/ProfileSelection.tsx(59,15): error TS2339: Property 'div' does not exist on type 'JSX.IntrinsicElements'.
app/applet/src/components/profiles/ProfileSelection.tsx(60,17): error TS2339: Property 'img' does not exist on type 'JSX.IntrinsicElements'.
app/applet/src/components/profiles/ProfileSelection.tsx(61,15): error TS2339: Property 'div' does not exist on type 'JSX.IntrinsicElements'.
app/applet/src/components/profiles/ProfileSelection.tsx(62,15): error TS2339: Property 'div' does not exist on type 'JSX.IntrinsicElements'.
app/applet/src/components/profiles/ProfileSelection.tsx(63,17): error TS2339: Property 'span' does not exist on type 'JSX.IntrinsicElements'.
app/applet/src/components/profiles/ProfileSelection.tsx(65,17): error TS2339: Property 'span' does not exist on type 'JSX.IntrinsicElements'.
app/applet/src/components/profiles/ProfileSelection.tsx(67,19): error TS2339: Property 'span' does not exist on type 'JSX.IntrinsicElements'.
app/applet/src/components/profiles/ProfileSelection.tsx(67,107): error TS2339: Property 'span' does not exist on type 'JSX.IntrinsicElements'.
app/applet/src/components/profiles/ProfileSelection.tsx(69,15): error TS2339: Property 'div' does not exist on type 'JSX.IntrinsicElements'.
app/applet/src/components/profiles/ProfileSelection.tsx(80,15): error TS2339: Property 'div' does not exist on type 'JSX.IntrinsicElements'.
app/applet/src/components/profiles/ProfileSelection.tsx(82,15): error TS2339: Property 'div' does not exist on type 'JSX.IntrinsicElements'.
app/applet/src/components/profiles/ProfileSelection.tsx(83,15): error TS2339: Property 'span' does not exist on type 'JSX.IntrinsicElements'.
app/applet/src/components/profiles/ProfileSelection.tsx(85,15): error TS2339: Property 'span' does not exist on type 'JSX.IntrinsicElements'.
app/applet/src/components/profiles/ProfileSelection.tsx(88,9): error TS2339: Property 'div' does not exist on type 'JSX.IntrinsicElements'.
app/applet/src/components/profiles/ProfileSelection.tsx(90,5): error TS2339: Property 'div' does not exist on type 'JSX.IntrinsicElements'.
app/applet/src/components/settings/Settings.tsx(4,29): error TS2307: Cannot find module '../LiquidGlass' or its corresponding type declarations.
app/applet/src/components/settings/Settings.tsx(18,42): error TS2503: Cannot find namespace 'React'.
app/applet/src/components/settings/Settings.tsx(57,5): error TS2339: Property 'div' does not exist on type 'JSX.IntrinsicElements'.
app/applet/src/components/settings/Settings.tsx(58,7): error TS2339: Property 'div' does not exist on type 'JSX.IntrinsicElements'.
app/applet/src/components/settings/Settings.tsx(58,138): error TS2339: Property 'div' does not exist on type 'JSX.IntrinsicElements'.
app/applet/src/components/settings/Settings.tsx(66,9): error TS2339: Property 'div' does not exist on type 'JSX.IntrinsicElements'.
app/applet/src/components/settings/Settings.tsx(67,11): error TS2339: Property 'button' does not exist on type 'JSX.IntrinsicElements'.
app/applet/src/components/settings/Settings.tsx(69,11): error TS2339: Property 'button' does not exist on type 'JSX.IntrinsicElements'.
app/applet/src/components/settings/Settings.tsx(70,9): error TS2339: Property 'div' does not exist on type 'JSX.IntrinsicElements'.
app/applet/src/components/settings/Settings.tsx(72,9): error TS2339: Property 'h1' does not exist on type 'JSX.IntrinsicElements'.
app/applet/src/components/settings/Settings.tsx(72,80): error TS2339: Property 'h1' does not exist on type 'JSX.IntrinsicElements'.
app/applet/src/components/settings/Settings.tsx(74,9): error TS2339: Property 'div' does not exist on type 'JSX.IntrinsicElements'.
app/applet/src/components/settings/Settings.tsx(76,11): error TS2339: Property 'div' does not exist on type 'JSX.IntrinsicElements'.
app/applet/src/components/settings/Settings.tsx(78,15): error TS2339: Property 'h2' does not exist on type 'JSX.IntrinsicElements'.
app/applet/src/components/settings/Settings.tsx(78,146): error TS2339: Property 'h2' does not exist on type 'JSX.IntrinsicElements'.
app/applet/src/components/settings/Settings.tsx(80,15): error TS2339: Property 'div' does not exist on type 'JSX.IntrinsicElements'.
app/applet/src/components/settings/Settings.tsx(81,17): error TS2339: Property 'div' does not exist on type 'JSX.IntrinsicElements'.
app/applet/src/components/settings/Settings.tsx(82,19): error TS2339: Property 'label' does not exist on type 'JSX.IntrinsicElements'.
app/applet/src/components/settings/Settings.tsx(82,65): error TS2339: Property 'label' does not exist on type 'JSX.IntrinsicElements'.
app/applet/src/components/settings/Settings.tsx(83,19): error TS2339: Property 'p' does not exist on type 'JSX.IntrinsicElements'.
app/applet/src/components/settings/Settings.tsx(83,65): error TS2339: Property 'p' does not exist on type 'JSX.IntrinsicElements'.
app/applet/src/components/settings/Settings.tsx(84,17): error TS2339: Property 'div' does not exist on type 'JSX.IntrinsicElements'.
app/applet/src/components/settings/Settings.tsx(85,17): error TS2339: Property 'div' does not exist on type 'JSX.IntrinsicElements'.
app/applet/src/components/settings/Settings.tsx(86,19): error TS2339: Property 'label' does not exist on type 'JSX.IntrinsicElements'.
app/applet/src/components/settings/Settings.tsx(86,74): error TS2339: Property 'label' does not exist on type 'JSX.IntrinsicElements'.
app/applet/src/components/settings/Settings.tsx(87,19): error TS2339: Property 'p' does not exist on type 'JSX.IntrinsicElements'.
app/applet/src/components/settings/Settings.tsx(89,19): error TS2339: Property 'p' does not exist on type 'JSX.IntrinsicElements'.
app/applet/src/components/settings/Settings.tsx(90,17): error TS2339: Property 'div' does not exist on type 'JSX.IntrinsicElements'.
app/applet/src/components/settings/Settings.tsx(91,15): error TS2339: Property 'div' does not exist on type 'JSX.IntrinsicElements'.
app/applet/src/components/settings/Settings.tsx(95,15): error TS2339: Property 'h2' does not exist on type 'JSX.IntrinsicElements'.
app/applet/src/components/settings/Settings.tsx(95,82): error TS2339: Property 'h2' does not exist on type 'JSX.IntrinsicElements'.
app/applet/src/components/settings/Settings.tsx(97,15): error TS2339: Property 'button' does not exist on type 'JSX.IntrinsicElements'.
app/applet/src/components/settings/Settings.tsx(102,15): error TS2339: Property 'button' does not exist on type 'JSX.IntrinsicElements'.
app/applet/src/components/settings/Settings.tsx(104,15): error TS2339: Property 'button' does not exist on type 'JSX.IntrinsicElements'.
app/applet/src/components/settings/Settings.tsx(108,15): error TS2339: Property 'button' does not exist on type 'JSX.IntrinsicElements'.
app/applet/src/components/settings/Settings.tsx(110,11): error TS2339: Property 'div' does not exist on type 'JSX.IntrinsicElements'.
app/applet/src/components/settings/Settings.tsx(113,11): error TS2339: Property 'div' does not exist on type 'JSX.IntrinsicElements'.
app/applet/src/components/settings/Settings.tsx(115,15): error TS2339: Property 'h2' does not exist on type 'JSX.IntrinsicElements'.
app/applet/src/components/settings/Settings.tsx(115,148): error TS2339: Property 'h2' does not exist on type 'JSX.IntrinsicElements'.
app/applet/src/components/settings/Settings.tsx(117,15): error TS2339: Property 'form' does not exist on type 'JSX.IntrinsicElements'.
app/applet/src/components/settings/Settings.tsx(118,27): error TS2339: Property 'div' does not exist on type 'JSX.IntrinsicElements'.
app/applet/src/components/settings/Settings.tsx(118,126): error TS2339: Property 'div' does not exist on type 'JSX.IntrinsicElements'.
app/applet/src/components/settings/Settings.tsx(119,29): error TS2339: Property 'div' does not exist on type 'JSX.IntrinsicElements'.
app/applet/src/components/settings/Settings.tsx(119,136): error TS2339: Property 'div' does not exist on type 'JSX.IntrinsicElements'.
app/applet/src/components/settings/Settings.tsx(121,17): error TS2339: Property 'div' does not exist on type 'JSX.IntrinsicElements'.
app/applet/src/components/settings/Settings.tsx(122,19): error TS2339: Property 'label' does not exist on type 'JSX.IntrinsicElements'.
app/applet/src/components/settings/Settings.tsx(122,89): error TS2339: Property 'label' does not exist on type 'JSX.IntrinsicElements'.
app/applet/src/components/settings/Settings.tsx(123,19): error TS2339: Property 'input' does not exist on type 'JSX.IntrinsicElements'.
app/applet/src/components/settings/Settings.tsx(129,17): error TS2339: Property 'div' does not exist on type 'JSX.IntrinsicElements'.
app/applet/src/components/settings/Settings.tsx(131,17): error TS2339: Property 'div' does not exist on type 'JSX.IntrinsicElements'.
app/applet/src/components/settings/Settings.tsx(132,19): error TS2339: Property 'label' does not exist on type 'JSX.IntrinsicElements'.
app/applet/src/components/settings/Settings.tsx(132,85): error TS2339: Property 'label' does not exist on type 'JSX.IntrinsicElements'.
app/applet/src/components/settings/Settings.tsx(133,19): error TS2339: Property 'input' does not exist on type 'JSX.IntrinsicElements'.
app/applet/src/components/settings/Settings.tsx(139,17): error TS2339: Property 'div' does not exist on type 'JSX.IntrinsicElements'.
app/applet/src/components/settings/Settings.tsx(141,17): error TS2339: Property 'div' does not exist on type 'JSX.IntrinsicElements'.
app/applet/src/components/settings/Settings.tsx(142,19): error TS2339: Property 'label' does not exist on type 'JSX.IntrinsicElements'.
app/applet/src/components/settings/Settings.tsx(142,93): error TS2339: Property 'label' does not exist on type 'JSX.IntrinsicElements'.
app/applet/src/components/settings/Settings.tsx(143,19): error TS2339: Property 'input' does not exist on type 'JSX.IntrinsicElements'.
app/applet/src/components/settings/Settings.tsx(149,17): error TS2339: Property 'div' does not exist on type 'JSX.IntrinsicElements'.
app/applet/src/components/settings/Settings.tsx(151,17): error TS2339: Property 'button' does not exist on type 'JSX.IntrinsicElements'.
app/applet/src/components/settings/Settings.tsx(157,17): error TS2339: Property 'button' does not exist on type 'JSX.IntrinsicElements'.
app/applet/src/components/settings/Settings.tsx(158,15): error TS2339: Property 'form' does not exist on type 'JSX.IntrinsicElements'.
app/applet/src/components/settings/Settings.tsx(160,11): error TS2339: Property 'div' does not exist on type 'JSX.IntrinsicElements'.
app/applet/src/components/settings/Settings.tsx(161,9): error TS2339: Property 'div' does not exist on type 'JSX.IntrinsicElements'.
app/applet/src/components/settings/Settings.tsx(163,5): error TS2339: Property 'div' does not exist on type 'JSX.IntrinsicElements'.
src/App.tsx(52,7): error TS2339: Property 'div' does not exist on type 'JSX.IntrinsicElements'.
src/App.tsx(54,7): error TS2339: Property 'div' does not exist on type 'JSX.IntrinsicElements'.
src/App.tsx(76,9): error TS2339: Property 'div' does not exist on type 'JSX.IntrinsicElements'.
src/App.tsx(78,9): error TS2339: Property 'div' does not exist on type 'JSX.IntrinsicElements'.
src/App.tsx(104,5): error TS2339: Property 'div' does not exist on type 'JSX.IntrinsicElements'.
src/App.tsx(105,7): error TS2339: Property 'div' does not exist on type 'JSX.IntrinsicElements'.
src/App.tsx(105,133): error TS2339: Property 'div' does not exist on type 'JSX.IntrinsicElements'.
src/App.tsx(106,7): error TS2339: Property 'div' does not exist on type 'JSX.IntrinsicElements'.
src/App.tsx(106,137): error TS2339: Property 'div' does not exist on type 'JSX.IntrinsicElements'.
src/App.tsx(108,7): error TS2339: Property 'div' does not exist on type 'JSX.IntrinsicElements'.
src/App.tsx(110,7): error TS2339: Property 'div' does not exist on type 'JSX.IntrinsicElements'.
src/App.tsx(112,7): error TS2339: Property 'div' does not exist on type 'JSX.IntrinsicElements'.
src/App.tsx(113,9): error TS2339: Property 'h1' does not exist on type 'JSX.IntrinsicElements'.
src/App.tsx(114,14): error TS2339: Property 'span' does not exist on type 'JSX.IntrinsicElements'.
src/App.tsx(114,48): error TS2339: Property 'span' does not exist on type 'JSX.IntrinsicElements'.
src/App.tsx(115,9): error TS2339: Property 'h1' does not exist on type 'JSX.IntrinsicElements'.
src/App.tsx(116,9): error TS2339: Property 'p' does not exist on type 'JSX.IntrinsicElements'.
src/App.tsx(116,72): error TS2339: Property 'p' does not exist on type 'JSX.IntrinsicElements'.
src/App.tsx(117,7): error TS2339: Property 'div' does not exist on type 'JSX.IntrinsicElements'.
src/App.tsx(119,7): error TS2339: Property 'div' does not exist on type 'JSX.IntrinsicElements'.
src/App.tsx(120,9): error TS2339: Property 'button' does not exist on type 'JSX.IntrinsicElements'.
src/App.tsx(124,11): error TS2339: Property 'div' does not exist on type 'JSX.IntrinsicElements'.
src/App.tsx(126,11): error TS2339: Property 'div' does not exist on type 'JSX.IntrinsicElements'.
src/App.tsx(127,11): error TS2339: Property 'span' does not exist on type 'JSX.IntrinsicElements'.
src/App.tsx(127,59): error TS2339: Property 'span' does not exist on type 'JSX.IntrinsicElements'.
src/App.tsx(128,9): error TS2339: Property 'button' does not exist on type 'JSX.IntrinsicElements'.
src/App.tsx(129,9): error TS2339: Property 'button' does not exist on type 'JSX.IntrinsicElements'.
src/App.tsx(133,11): error TS2339: Property 'div' does not exist on type 'JSX.IntrinsicElements'.
src/App.tsx(135,11): error TS2339: Property 'div' does not exist on type 'JSX.IntrinsicElements'.
src/App.tsx(136,11): error TS2339: Property 'span' does not exist on type 'JSX.IntrinsicElements'.
src/App.tsx(136,58): error TS2339: Property 'span' does not exist on type 'JSX.IntrinsicElements'.
src/App.tsx(137,9): error TS2339: Property 'button' does not exist on type 'JSX.IntrinsicElements'.
src/App.tsx(138,7): error TS2339: Property 'div' does not exist on type 'JSX.IntrinsicElements'.
src/App.tsx(139,5): error TS2339: Property 'div' does not exist on type 'JSX.IntrinsicElements'.
src/LiveTV.tsx(8,85): error TS2503: Cannot find namespace 'React'.
src/LiveTV.tsx(138,5): error TS2339: Property 'div' does not exist on type 'JSX.IntrinsicElements'.
src/LiveTV.tsx(144,7): error TS2339: Property 'div' does not exist on type 'JSX.IntrinsicElements'.
src/LiveTV.tsx(145,9): error TS2339: Property 'div' does not exist on type 'JSX.IntrinsicElements'.
src/LiveTV.tsx(145,119): error TS2339: Property 'div' does not exist on type 'JSX.IntrinsicElements'.
src/LiveTV.tsx(146,9): error TS2339: Property 'div' does not exist on type 'JSX.IntrinsicElements'.
src/LiveTV.tsx(146,125): error TS2339: Property 'div' does not exist on type 'JSX.IntrinsicElements'.
src/LiveTV.tsx(147,7): error TS2339: Property 'div' does not exist on type 'JSX.IntrinsicElements'.
src/LiveTV.tsx(152,7): error TS2339: Property 'div' does not exist on type 'JSX.IntrinsicElements'.
src/LiveTV.tsx(155,13): error TS2339: Property 'div' does not exist on type 'JSX.IntrinsicElements'.
src/LiveTV.tsx(156,15): error TS2339: Property 'div' does not exist on type 'JSX.IntrinsicElements'.
src/LiveTV.tsx(158,15): error TS2339: Property 'div' does not exist on type 'JSX.IntrinsicElements'.
src/LiveTV.tsx(177,21): error TS2339: Property 'div' does not exist on type 'JSX.IntrinsicElements'.
src/LiveTV.tsx(191,25): error TS2339: Property 'div' does not exist on type 'JSX.IntrinsicElements'.
src/LiveTV.tsx(194,31): error TS2339: Property 'img' does not exist on type 'JSX.IntrinsicElements'.
src/LiveTV.tsx(201,27): error TS2339: Property 'div' does not exist on type 'JSX.IntrinsicElements'.
src/LiveTV.tsx(202,29): error TS2339: Property 'div' does not exist on type 'JSX.IntrinsicElements'.
src/LiveTV.tsx(203,31): error TS2339: Property 'div' does not exist on type 'JSX.IntrinsicElements'.
src/LiveTV.tsx(203,132): error TS2339: Property 'div' does not exist on type 'JSX.IntrinsicElements'.
src/LiveTV.tsx(204,31): error TS2339: Property 'span' does not exist on type 'JSX.IntrinsicElements'.
src/LiveTV.tsx(204,103): error TS2339: Property 'span' does not exist on type 'JSX.IntrinsicElements'.
src/LiveTV.tsx(205,29): error TS2339: Property 'div' does not exist on type 'JSX.IntrinsicElements'.
src/LiveTV.tsx(206,29): error TS2339: Property 'span' does not exist on type 'JSX.IntrinsicElements'.
src/LiveTV.tsx(206,117): error TS2339: Property 'span' does not exist on type 'JSX.IntrinsicElements'.
src/LiveTV.tsx(207,27): error TS2339: Property 'div' does not exist on type 'JSX.IntrinsicElements'.
src/LiveTV.tsx(208,25): error TS2339: Property 'div' does not exist on type 'JSX.IntrinsicElements'.
src/LiveTV.tsx(210,21): error TS2339: Property 'div' does not exist on type 'JSX.IntrinsicElements'.
src/LiveTV.tsx(211,21): error TS2339: Property 'div' does not exist on type 'JSX.IntrinsicElements'.
src/LiveTV.tsx(213,25): error TS2339: Property 'div' does not exist on type 'JSX.IntrinsicElements'.
src/LiveTV.tsx(234,25): error TS2339: Property 'div' does not exist on type 'JSX.IntrinsicElements'.
src/LiveTV.tsx(236,21): error TS2339: Property 'div' does not exist on type 'JSX.IntrinsicElements'.
src/LiveTV.tsx(244,13): error TS2339: Property 'div' does not exist on type 'JSX.IntrinsicElements'.
src/LiveTV.tsx(246,7): error TS2339: Property 'div' does not exist on type 'JSX.IntrinsicElements'.
src/LiveTV.tsx(257,13): error TS2339: Property 'div' does not exist on type 'JSX.IntrinsicElements'.
src/LiveTV.tsx(258,15): error TS2339: Property 'div' does not exist on type 'JSX.IntrinsicElements'.
src/LiveTV.tsx(259,15): error TS2339: Property 'div' does not exist on type 'JSX.IntrinsicElements'.
src/LiveTV.tsx(260,17): error TS2339: Property 'div' does not exist on type 'JSX.IntrinsicElements'.
src/LiveTV.tsx(262,17): error TS2339: Property 'div' does not exist on type 'JSX.IntrinsicElements'.
src/LiveTV.tsx(263,17): error TS2339: Property 'div' does not exist on type 'JSX.IntrinsicElements'.
src/LiveTV.tsx(264,19): error TS2339: Property 'span' does not exist on type 'JSX.IntrinsicElements'.
src/LiveTV.tsx(264,84): error TS2339: Property 'span' does not exist on type 'JSX.IntrinsicElements'.
src/LiveTV.tsx(264,118): error TS2339: Property 'span' does not exist on type 'JSX.IntrinsicElements'.
src/LiveTV.tsx(264,125): error TS2339: Property 'span' does not exist on type 'JSX.IntrinsicElements'.
src/LiveTV.tsx(265,17): error TS2339: Property 'div' does not exist on type 'JSX.IntrinsicElements'.
src/LiveTV.tsx(266,15): error TS2339: Property 'div' does not exist on type 'JSX.IntrinsicElements'.
src/LiveTV.tsx(267,15): error TS2339: Property 'button' does not exist on type 'JSX.IntrinsicElements'.
src/LiveTV.tsx(272,15): error TS2339: Property 'button' does not exist on type 'JSX.IntrinsicElements'.
src/LiveTV.tsx(273,13): error TS2339: Property 'div' does not exist on type 'JSX.IntrinsicElements'.
src/LiveTV.tsx(275,13): error TS2339: Property 'div' does not exist on type 'JSX.IntrinsicElements'.
src/LiveTV.tsx(276,15): error TS2339: Property 'div' does not exist on type 'JSX.IntrinsicElements'.
src/LiveTV.tsx(277,17): error TS2339: Property 'input' does not exist on type 'JSX.IntrinsicElements'.
src/LiveTV.tsx(285,15): error TS2339: Property 'div' does not exist on type 'JSX.IntrinsicElements'.
src/LiveTV.tsx(286,13): error TS2339: Property 'div' does not exist on type 'JSX.IntrinsicElements'.
src/LiveTV.tsx(288,13): error TS2339: Property 'div' does not exist on type 'JSX.IntrinsicElements'.
src/LiveTV.tsx(289,15): error TS2339: Property 'ul' does not exist on type 'JSX.IntrinsicElements'.
src/LiveTV.tsx(291,19): error TS2339: Property 'li' does not exist on type 'JSX.IntrinsicElements'.
src/LiveTV.tsx(309,21): error TS2339: Property 'button' does not exist on type 'JSX.IntrinsicElements'.
src/LiveTV.tsx(317,23): error TS2339: Property 'div' does not exist on type 'JSX.IntrinsicElements'.
src/LiveTV.tsx(319,27): error TS2339: Property 'img' does not exist on type 'JSX.IntrinsicElements'.
src/LiveTV.tsx(321,27): error TS2339: Property 'div' does not exist on type 'JSX.IntrinsicElements'.
src/LiveTV.tsx(323,27): error TS2339: Property 'div' does not exist on type 'JSX.IntrinsicElements'.
src/LiveTV.tsx(325,25): error TS2339: Property 'div' does not exist on type 'JSX.IntrinsicElements'.
src/LiveTV.tsx(326,27): error TS2339: Property 'span' does not exist on type 'JSX.IntrinsicElements'.
src/LiveTV.tsx(329,31): error TS2339: Property 'div' does not exist on type 'JSX.IntrinsicElements'.
src/LiveTV.tsx(331,27): error TS2339: Property 'span' does not exist on type 'JSX.IntrinsicElements'.
src/LiveTV.tsx(346,35): error TS2339: Property 'div' does not exist on type 'JSX.IntrinsicElements'.
src/LiveTV.tsx(347,37): error TS2339: Property 'div' does not exist on type 'JSX.IntrinsicElements'.
src/LiveTV.tsx(348,40): error TS2339: Property 'span' does not exist on type 'JSX.IntrinsicElements'.
src/LiveTV.tsx(348,103): error TS2339: Property 'span' does not exist on type 'JSX.IntrinsicElements'.
src/LiveTV.tsx(349,40): error TS2339: Property 'span' does not exist on type 'JSX.IntrinsicElements'.
src/LiveTV.tsx(349,131): error TS2339: Property 'span' does not exist on type 'JSX.IntrinsicElements'.
src/LiveTV.tsx(350,37): error TS2339: Property 'div' does not exist on type 'JSX.IntrinsicElements'.
src/LiveTV.tsx(351,37): error TS2339: Property 'div' does not exist on type 'JSX.IntrinsicElements'.
src/LiveTV.tsx(352,40): error TS2339: Property 'div' does not exist on type 'JSX.IntrinsicElements'.
src/LiveTV.tsx(353,37): error TS2339: Property 'div' does not exist on type 'JSX.IntrinsicElements'.
src/LiveTV.tsx(354,35): error TS2339: Property 'div' does not exist on type 'JSX.IntrinsicElements'.
src/LiveTV.tsx(360,25): error TS2339: Property 'div' does not exist on type 'JSX.IntrinsicElements'.
src/LiveTV.tsx(361,23): error TS2339: Property 'div' does not exist on type 'JSX.IntrinsicElements'.
src/LiveTV.tsx(362,21): error TS2339: Property 'button' does not exist on type 'JSX.IntrinsicElements'.
src/LiveTV.tsx(363,19): error TS2339: Property 'li' does not exist on type 'JSX.IntrinsicElements'.
src/LiveTV.tsx(365,15): error TS2339: Property 'ul' does not exist on type 'JSX.IntrinsicElements'.
src/LiveTV.tsx(368,17): error TS2339: Property 'div' does not exist on type 'JSX.IntrinsicElements'.
src/LiveTV.tsx(369,19): error TS2339: Property 'div' does not exist on type 'JSX.IntrinsicElements'.
src/LiveTV.tsx(371,19): error TS2339: Property 'div' does not exist on type 'JSX.IntrinsicElements'.
src/LiveTV.tsx(372,19): error TS2339: Property 'p' does not exist on type 'JSX.IntrinsicElements'.
src/LiveTV.tsx(372,74): error TS2339: Property 'p' does not exist on type 'JSX.IntrinsicElements'.
src/LiveTV.tsx(373,17): error TS2339: Property 'div' does not exist on type 'JSX.IntrinsicElements'.
src/LiveTV.tsx(375,13): error TS2339: Property 'div' does not exist on type 'JSX.IntrinsicElements'.
src/LiveTV.tsx(377,13): error TS2339: Property 'div' does not exist on type 'JSX.IntrinsicElements'.
src/LiveTV.tsx(378,15): error TS2339: Property 'div' does not exist on type 'JSX.IntrinsicElements'.
src/LiveTV.tsx(379,17): error TS2339: Property 'p' does not exist on type 'JSX.IntrinsicElements'.
src/LiveTV.tsx(379,114): error TS2339: Property 'p' does not exist on type 'JSX.IntrinsicElements'.
src/LiveTV.tsx(380,17): error TS2339: Property 'p' does not exist on type 'JSX.IntrinsicElements'.
src/LiveTV.tsx(380,84): error TS2339: Property 'p' does not exist on type 'JSX.IntrinsicElements'.
src/LiveTV.tsx(381,15): error TS2339: Property 'div' does not exist on type 'JSX.IntrinsicElements'.
src/LiveTV.tsx(382,13): error TS2339: Property 'div' does not exist on type 'JSX.IntrinsicElements'.
src/LiveTV.tsx(383,13): error TS2339: Property 'div' does not exist on type 'JSX.IntrinsicElements'.
src/LiveTV.tsx(387,5): error TS2339: Property 'div' does not exist on type 'JSX.IntrinsicElements'.
src/components/LiquidGlass.tsx(36,5): error TS2339: Property 'div' does not exist on type 'JSX.IntrinsicElements'.
src/components/LiquidGlass.tsx(38,5): error TS2339: Property 'div' does not exist on type 'JSX.IntrinsicElements'.
src/components/Movies.tsx(8,3): error TS2339: Property 'div' does not exist on type 'JSX.IntrinsicElements'.
src/components/Movies.tsx(10,3): error TS2339: Property 'div' does not exist on type 'JSX.IntrinsicElements'.
src/components/Movies.tsx(14,3): error TS2339: Property 'button' does not exist on type 'JSX.IntrinsicElements'.
src/components/Movies.tsx(16,3): error TS2339: Property 'button' does not exist on type 'JSX.IntrinsicElements'.
src/components/Movies.tsx(25,5): error TS2339: Property 'section' does not exist on type 'JSX.IntrinsicElements'.
src/components/Movies.tsx(26,7): error TS2339: Property 'div' does not exist on type 'JSX.IntrinsicElements'.
src/components/Movies.tsx(27,9): error TS2339: Property 'h2' does not exist on type 'JSX.IntrinsicElements'.
src/components/Movies.tsx(27,80): error TS2339: Property 'h2' does not exist on type 'JSX.IntrinsicElements'.
src/components/Movies.tsx(31,7): error TS2339: Property 'div' does not exist on type 'JSX.IntrinsicElements'.
src/components/Movies.tsx(33,7): error TS2339: Property 'div' does not exist on type 'JSX.IntrinsicElements'.
src/components/Movies.tsx(34,9): error TS2339: Property 'div' does not exist on type 'JSX.IntrinsicElements'.
src/components/Movies.tsx(43,15): error TS2339: Property 'img' does not exist on type 'JSX.IntrinsicElements'.
src/components/Movies.tsx(50,15): error TS2339: Property 'div' does not exist on type 'JSX.IntrinsicElements'.
src/components/Movies.tsx(52,15): error TS2339: Property 'div' does not exist on type 'JSX.IntrinsicElements'.
src/components/Movies.tsx(53,15): error TS2339: Property 'div' does not exist on type 'JSX.IntrinsicElements'.
src/components/Movies.tsx(54,17): error TS2339: Property 'h3' does not exist on type 'JSX.IntrinsicElements'.
src/components/Movies.tsx(54,112): error TS2339: Property 'h3' does not exist on type 'JSX.IntrinsicElements'.
src/components/Movies.tsx(55,17): error TS2339: Property 'div' does not exist on type 'JSX.IntrinsicElements'.
src/components/Movies.tsx(59,23): error TS2339: Property 'span' does not exist on type 'JSX.IntrinsicElements'.
src/components/Movies.tsx(59,75): error TS2339: Property 'span' does not exist on type 'JSX.IntrinsicElements'.
src/components/Movies.tsx(60,23): error TS2339: Property 'span' does not exist on type 'JSX.IntrinsicElements'.
src/components/Movies.tsx(60,144): error TS2339: Property 'span' does not exist on type 'JSX.IntrinsicElements'.
src/components/Movies.tsx(63,17): error TS2339: Property 'div' does not exist on type 'JSX.IntrinsicElements'.
src/components/Movies.tsx(65,17): error TS2339: Property 'div' does not exist on type 'JSX.IntrinsicElements'.
src/components/Movies.tsx(66,20): error TS2339: Property 'div' does not exist on type 'JSX.IntrinsicElements'.
src/components/Movies.tsx(68,20): error TS2339: Property 'div' does not exist on type 'JSX.IntrinsicElements'.
src/components/Movies.tsx(70,22): error TS2339: Property 'div' does not exist on type 'JSX.IntrinsicElements'.
src/components/Movies.tsx(71,25): error TS2339: Property 'div' does not exist on type 'JSX.IntrinsicElements'.
src/components/Movies.tsx(71,86): error TS2339: Property 'div' does not exist on type 'JSX.IntrinsicElements'.
src/components/Movies.tsx(72,25): error TS2339: Property 'div' does not exist on type 'JSX.IntrinsicElements'.
src/components/Movies.tsx(73,28): error TS2339: Property 'div' does not exist on type 'JSX.IntrinsicElements'.
src/components/Movies.tsx(73,87): error TS2339: Property 'div' does not exist on type 'JSX.IntrinsicElements'.
src/components/Movies.tsx(74,25): error TS2339: Property 'div' does not exist on type 'JSX.IntrinsicElements'.
src/components/Movies.tsx(75,22): error TS2339: Property 'div' does not exist on type 'JSX.IntrinsicElements'.
src/components/Movies.tsx(77,17): error TS2339: Property 'div' does not exist on type 'JSX.IntrinsicElements'.
src/components/Movies.tsx(78,15): error TS2339: Property 'div' does not exist on type 'JSX.IntrinsicElements'.
src/components/Movies.tsx(81,9): error TS2339: Property 'div' does not exist on type 'JSX.IntrinsicElements'.
src/components/Movies.tsx(82,7): error TS2339: Property 'div' does not exist on type 'JSX.IntrinsicElements'.
src/components/Movies.tsx(83,5): error TS2339: Property 'section' does not exist on type 'JSX.IntrinsicElements'.
src/components/Movies.tsx(87,132): error TS2503: Cannot find namespace 'React'.
src/components/Movies.tsx(242,7): error TS2339: Property 'div' does not exist on type 'JSX.IntrinsicElements'.
src/components/Movies.tsx(244,7): error TS2339: Property 'div' does not exist on type 'JSX.IntrinsicElements'.
src/components/Movies.tsx(253,5): error TS2339: Property 'div' does not exist on type 'JSX.IntrinsicElements'.
src/components/Movies.tsx(256,7): error TS2339: Property 'div' does not exist on type 'JSX.IntrinsicElements'.
src/components/Movies.tsx(272,9): error TS2339: Property 'div' does not exist on type 'JSX.IntrinsicElements'.
src/components/Movies.tsx(272,108): error TS2339: Property 'div' does not exist on type 'JSX.IntrinsicElements'.
src/components/Movies.tsx(273,9): error TS2339: Property 'div' does not exist on type 'JSX.IntrinsicElements'.
src/components/Movies.tsx(273,93): error TS2339: Property 'div' does not exist on type 'JSX.IntrinsicElements'.
src/components/Movies.tsx(274,7): error TS2339: Property 'div' does not exist on type 'JSX.IntrinsicElements'.
src/components/Movies.tsx(277,7): error TS2339: Property 'header' does not exist on type 'JSX.IntrinsicElements'.
src/components/Movies.tsx(279,11): error TS2339: Property 'div' does not exist on type 'JSX.IntrinsicElements'.
src/components/Movies.tsx(280,13): error TS2339: Property 'div' does not exist on type 'JSX.IntrinsicElements'.
src/components/Movies.tsx(282,13): error TS2339: Property 'div' does not exist on type 'JSX.IntrinsicElements'.
src/components/Movies.tsx(283,13): error TS2339: Property 'span' does not exist on type 'JSX.IntrinsicElements'.
src/components/Movies.tsx(283,87): error TS2339: Property 'span' does not exist on type 'JSX.IntrinsicElements'.
src/components/Movies.tsx(284,11): error TS2339: Property 'div' does not exist on type 'JSX.IntrinsicElements'.
src/components/Movies.tsx(286,21): error TS2339: Property 'nav' does not exist on type 'JSX.IntrinsicElements'.
src/components/Movies.tsx(297,20): error TS2339: Property 'input' does not exist on type 'JSX.IntrinsicElements'.
src/components/Movies.tsx(305,20): error TS2339: Property 'button' does not exist on type 'JSX.IntrinsicElements'.
src/components/Movies.tsx(307,20): error TS2339: Property 'button' does not exist on type 'JSX.IntrinsicElements'.
src/components/Movies.tsx(317,20): error TS2339: Property 'button' does not exist on type 'JSX.IntrinsicElements'.
src/components/Movies.tsx(317,172): error TS2339: Property 'button' does not exist on type 'JSX.IntrinsicElements'.
src/components/Movies.tsx(318,20): error TS2339: Property 'button' does not exist on type 'JSX.IntrinsicElements'.
src/components/Movies.tsx(318,255): error TS2339: Property 'button' does not exist on type 'JSX.IntrinsicElements'.
src/components/Movies.tsx(319,20): error TS2339: Property 'button' does not exist on type 'JSX.IntrinsicElements'.
src/components/Movies.tsx(319,249): error TS2339: Property 'button' does not exist on type 'JSX.IntrinsicElements'.
src/components/Movies.tsx(320,20): error TS2339: Property 'button' does not exist on type 'JSX.IntrinsicElements'.
src/components/Movies.tsx(320,209): error TS2339: Property 'button' does not exist on type 'JSX.IntrinsicElements'.
src/components/Movies.tsx(321,20): error TS2339: Property 'button' does not exist on type 'JSX.IntrinsicElements'.
src/components/Movies.tsx(321,255): error TS2339: Property 'button' does not exist on type 'JSX.IntrinsicElements'.
src/components/Movies.tsx(322,20): error TS2339: Property 'button' does not exist on type 'JSX.IntrinsicElements'.
src/components/Movies.tsx(322,264): error TS2339: Property 'button' does not exist on type 'JSX.IntrinsicElements'.
src/components/Movies.tsx(323,20): error TS2339: Property 'button' does not exist on type 'JSX.IntrinsicElements'.
src/components/Movies.tsx(325,20): error TS2339: Property 'button' does not exist on type 'JSX.IntrinsicElements'.
src/components/Movies.tsx(329,11): error TS2339: Property 'nav' does not exist on type 'JSX.IntrinsicElements'.
src/components/Movies.tsx(331,11): error TS2339: Property 'div' does not exist on type 'JSX.IntrinsicElements'.
src/components/Movies.tsx(332,30): error TS2339: Property 'div' does not exist on type 'JSX.IntrinsicElements'.
src/components/Movies.tsx(332,69): error TS2339: Property 'div' does not exist on type 'JSX.IntrinsicElements'.
src/components/Movies.tsx(333,11): error TS2339: Property 'div' does not exist on type 'JSX.IntrinsicElements'.
src/components/Movies.tsx(335,7): error TS2339: Property 'header' does not exist on type 'JSX.IntrinsicElements'.
src/components/Movies.tsx(337,7): error TS2339: Property 'main' does not exist on type 'JSX.IntrinsicElements'.
src/components/Movies.tsx(341,11): error TS2339: Property 'div' does not exist on type 'JSX.IntrinsicElements'.
src/components/Movies.tsx(350,17): error TS2339: Property 'h1' does not exist on type 'JSX.IntrinsicElements'.
src/components/Movies.tsx(352,17): error TS2339: Property 'h1' does not exist on type 'JSX.IntrinsicElements'.
src/components/Movies.tsx(353,17): error TS2339: Property 'p' does not exist on type 'JSX.IntrinsicElements'.
src/components/Movies.tsx(355,17): error TS2339: Property 'p' does not exist on type 'JSX.IntrinsicElements'.
src/components/Movies.tsx(357,17): error TS2339: Property 'div' does not exist on type 'JSX.IntrinsicElements'.
src/components/Movies.tsx(358,15): error TS2339: Property 'button' does not exist on type 'JSX.IntrinsicElements'.
src/components/Movies.tsx(360,15): error TS2339: Property 'button' does not exist on type 'JSX.IntrinsicElements'.
src/components/Movies.tsx(362,46): error TS2304: Cannot find name 'Check'.
src/components/Movies.tsx(367,17): error TS2339: Property 'div' does not exist on type 'JSX.IntrinsicElements'.
src/components/Movies.tsx(369,17): error TS2339: Property 'div' does not exist on type 'JSX.IntrinsicElements'.
src/components/Movies.tsx(371,21): error TS2339: Property 'span' does not exist on type 'JSX.IntrinsicElements'.
src/components/Movies.tsx(371,133): error TS2339: Property 'span' does not exist on type 'JSX.IntrinsicElements'.
src/components/Movies.tsx(373,19): error TS2339: Property 'span' does not exist on type 'JSX.IntrinsicElements'.
src/components/Movies.tsx(373,41): error TS2339: Property 'span' does not exist on type 'JSX.IntrinsicElements'.
src/components/Movies.tsx(374,19): error TS2339: Property 'span' does not exist on type 'JSX.IntrinsicElements'.
src/components/Movies.tsx(374,97): error TS2339: Property 'span' does not exist on type 'JSX.IntrinsicElements'.
src/components/Movies.tsx(375,17): error TS2339: Property 'div' does not exist on type 'JSX.IntrinsicElements'.
src/components/Movies.tsx(379,13): error TS2339: Property 'div' does not exist on type 'JSX.IntrinsicElements'.
src/components/Movies.tsx(381,19): error TS2339: Property 'div' does not exist on type 'JSX.IntrinsicElements'.
src/components/Movies.tsx(383,13): error TS2339: Property 'div' does not exist on type 'JSX.IntrinsicElements'.
src/components/Movies.tsx(384,11): error TS2339: Property 'div' does not exist on type 'JSX.IntrinsicElements'.
src/components/Movies.tsx(394,7): error TS2339: Property 'main' does not exist on type 'JSX.IntrinsicElements'.
src/components/Movies.tsx(405,5): error TS2339: Property 'div' does not exist on type 'JSX.IntrinsicElements'.
src/components/Movies.tsx(444,5): error TS2339: Property 'div' does not exist on type 'JSX.IntrinsicElements'.
src/components/Movies.tsx(459,9): error TS2339: Property 'button' does not exist on type 'JSX.IntrinsicElements'.
src/components/Movies.tsx(461,9): error TS2339: Property 'button' does not exist on type 'JSX.IntrinsicElements'.
src/components/Movies.tsx(463,9): error TS2339: Property 'div' does not exist on type 'JSX.IntrinsicElements'.
src/components/Movies.tsx(464,12): error TS2339: Property 'img' does not exist on type 'JSX.IntrinsicElements'.
src/components/Movies.tsx(469,12): error TS2339: Property 'div' does not exist on type 'JSX.IntrinsicElements'.
src/components/Movies.tsx(470,9): error TS2339: Property 'div' does not exist on type 'JSX.IntrinsicElements'.
src/components/Movies.tsx(472,9): error TS2339: Property 'div' does not exist on type 'JSX.IntrinsicElements'.
src/components/Movies.tsx(473,12): error TS2339: Property 'div' does not exist on type 'JSX.IntrinsicElements'.
src/components/Movies.tsx(474,15): error TS2339: Property 'img' does not exist on type 'JSX.IntrinsicElements'.
src/components/Movies.tsx(479,15): error TS2339: Property 'div' does not exist on type 'JSX.IntrinsicElements'.
src/components/Movies.tsx(480,18): error TS2339: Property 'h2' does not exist on type 'JSX.IntrinsicElements'.
src/components/Movies.tsx(480,120): error TS2339: Property 'h2' does not exist on type 'JSX.IntrinsicElements'.
src/components/Movies.tsx(481,18): error TS2339: Property 'div' does not exist on type 'JSX.IntrinsicElements'.
src/components/Movies.tsx(482,46): error TS2339: Property 'span' does not exist on type 'JSX.IntrinsicElements'.
src/components/Movies.tsx(482,182): error TS2339: Property 'span' does not exist on type 'JSX.IntrinsicElements'.
src/components/Movies.tsx(483,21): error TS2339: Property 'span' does not exist on type 'JSX.IntrinsicElements'.
src/components/Movies.tsx(483,123): error TS2339: Property 'span' does not exist on type 'JSX.IntrinsicElements'.
src/components/Movies.tsx(484,42): error TS2339: Property 'span' does not exist on type 'JSX.IntrinsicElements'.
src/components/Movies.tsx(484,77): error TS2339: Property 'span' does not exist on type 'JSX.IntrinsicElements'.
src/components/Movies.tsx(485,18): error TS2339: Property 'div' does not exist on type 'JSX.IntrinsicElements'.
src/components/Movies.tsx(486,15): error TS2339: Property 'div' does not exist on type 'JSX.IntrinsicElements'.
src/components/Movies.tsx(487,12): error TS2339: Property 'div' does not exist on type 'JSX.IntrinsicElements'.
src/components/Movies.tsx(489,12): error TS2339: Property 'div' does not exist on type 'JSX.IntrinsicElements'.
src/components/Movies.tsx(490,15): error TS2339: Property 'div' does not exist on type 'JSX.IntrinsicElements'.
src/components/Movies.tsx(491,18): error TS2339: Property 'h3' does not exist on type 'JSX.IntrinsicElements'.
src/components/Movies.tsx(491,80): error TS2339: Property 'h3' does not exist on type 'JSX.IntrinsicElements'.
src/components/Movies.tsx(492,18): error TS2339: Property 'p' does not exist on type 'JSX.IntrinsicElements'.
src/components/Movies.tsx(494,18): error TS2339: Property 'p' does not exist on type 'JSX.IntrinsicElements'.
src/components/Movies.tsx(496,18): error TS2339: Property 'div' does not exist on type 'JSX.IntrinsicElements'.
src/components/Movies.tsx(497,21): error TS2339: Property 'button' does not exist on type 'JSX.IntrinsicElements'.
src/components/Movies.tsx(499,21): error TS2339: Property 'button' does not exist on type 'JSX.IntrinsicElements'.
src/components/Movies.tsx(501,38): error TS2304: Cannot find name 'Check'.
src/components/Movies.tsx(503,18): error TS2339: Property 'div' does not exist on type 'JSX.IntrinsicElements'.
src/components/Movies.tsx(504,15): error TS2339: Property 'div' does not exist on type 'JSX.IntrinsicElements'.
src/components/Movies.tsx(506,15): error TS2339: Property 'div' does not exist on type 'JSX.IntrinsicElements'.
src/components/Movies.tsx(508,21): error TS2339: Property 'div' does not exist on type 'JSX.IntrinsicElements'.
src/components/Movies.tsx(509,24): error TS2339: Property 'div' does not exist on type 'JSX.IntrinsicElements'.
src/components/Movies.tsx(509,69): error TS2339: Property 'div' does not exist on type 'JSX.IntrinsicElements'.
src/components/Movies.tsx(510,24): error TS2339: Property 'div' does not exist on type 'JSX.IntrinsicElements'.
src/components/Movies.tsx(510,75): error TS2339: Property 'div' does not exist on type 'JSX.IntrinsicElements'.
src/components/Movies.tsx(511,24): error TS2339: Property 'div' does not exist on type 'JSX.IntrinsicElements'.
src/components/Movies.tsx(511,75): error TS2339: Property 'div' does not exist on type 'JSX.IntrinsicElements'.
src/components/Movies.tsx(512,21): error TS2339: Property 'div' does not exist on type 'JSX.IntrinsicElements'.
src/components/Movies.tsx(515,23): error TS2339: Property 'h3' does not exist on type 'JSX.IntrinsicElements'.
src/components/Movies.tsx(515,89): error TS2339: Property 'h3' does not exist on type 'JSX.IntrinsicElements'.
src/components/Movies.tsx(517,25): error TS2339: Property 'div' does not exist on type 'JSX.IntrinsicElements'.
src/components/Movies.tsx(519,31): error TS2339: Property 'a' does not exist on type 'JSX.IntrinsicElements'.
src/components/Movies.tsx(520,34): error TS2339: Property 'div' does not exist on type 'JSX.IntrinsicElements'.
src/components/Movies.tsx(521,37): error TS2339: Property 'div' does not exist on type 'JSX.IntrinsicElements'.
src/components/Movies.tsx(522,40): error TS2339: Property 'span' does not exist on type 'JSX.IntrinsicElements'.
src/components/Movies.tsx(522,111): error TS2339: Property 'span' does not exist on type 'JSX.IntrinsicElements'.
src/components/Movies.tsx(523,37): error TS2339: Property 'div' does not exist on type 'JSX.IntrinsicElements'.
src/components/Movies.tsx(524,37): error TS2339: Property 'div' does not exist on type 'JSX.IntrinsicElements'.
src/components/Movies.tsx(525,40): error TS2339: Property 'div' does not exist on type 'JSX.IntrinsicElements'.
src/components/Movies.tsx(525,104): error TS2339: Property 'div' does not exist on type 'JSX.IntrinsicElements'.
src/components/Movies.tsx(526,40): error TS2339: Property 'div' does not exist on type 'JSX.IntrinsicElements'.
src/components/Movies.tsx(526,101): error TS2339: Property 'div' does not exist on type 'JSX.IntrinsicElements'.
src/components/Movies.tsx(527,37): error TS2339: Property 'div' does not exist on type 'JSX.IntrinsicElements'.
src/components/Movies.tsx(528,34): error TS2339: Property 'div' does not exist on type 'JSX.IntrinsicElements'.
src/components/Movies.tsx(530,31): error TS2339: Property 'a' does not exist on type 'JSX.IntrinsicElements'.
src/components/Movies.tsx(532,25): error TS2339: Property 'div' does not exist on type 'JSX.IntrinsicElements'.
src/components/Movies.tsx(534,25): error TS2339: Property 'div' does not exist on type 'JSX.IntrinsicElements'.
src/components/Movies.tsx(536,25): error TS2339: Property 'div' does not exist on type 'JSX.IntrinsicElements'.
src/components/Movies.tsx(540,15): error TS2339: Property 'div' does not exist on type 'JSX.IntrinsicElements'.
src/components/Movies.tsx(541,12): error TS2339: Property 'div' does not exist on type 'JSX.IntrinsicElements'.
src/components/Movies.tsx(542,9): error TS2339: Property 'div' does not exist on type 'JSX.IntrinsicElements'.
src/components/Movies.tsx(544,5): error TS2339: Property 'div' does not exist on type 'JSX.IntrinsicElements'.
src/components/Movies_backup.tsx(20,5): error TS2339: Property 'section' does not exist on type 'JSX.IntrinsicElements'.
src/components/Movies_backup.tsx(21,7): error TS2339: Property 'div' does not exist on type 'JSX.IntrinsicElements'.
src/components/Movies_backup.tsx(22,9): error TS2339: Property 'h2' does not exist on type 'JSX.IntrinsicElements'.
src/components/Movies_backup.tsx(22,51): error TS2339: Property 'h2' does not exist on type 'JSX.IntrinsicElements'.
src/components/Movies_backup.tsx(23,7): error TS2339: Property 'div' does not exist on type 'JSX.IntrinsicElements'.
src/components/Movies_backup.tsx(25,7): error TS2339: Property 'div' does not exist on type 'JSX.IntrinsicElements'.
src/components/Movies_backup.tsx(26,9): error TS2339: Property 'div' does not exist on type 'JSX.IntrinsicElements'.
src/components/Movies_backup.tsx(27,9): error TS2339: Property 'div' does not exist on type 'JSX.IntrinsicElements'.
src/components/Movies_backup.tsx(29,9): error TS2339: Property 'div' does not exist on type 'JSX.IntrinsicElements'.
src/components/Movies_backup.tsx(39,9): error TS2339: Property 'div' does not exist on type 'JSX.IntrinsicElements'.
src/components/Movies_backup.tsx(41,9): error TS2339: Property 'div' does not exist on type 'JSX.IntrinsicElements'.
src/components/Movies_backup.tsx(51,9): error TS2339: Property 'div' does not exist on type 'JSX.IntrinsicElements'.
src/components/Movies_backup.tsx(53,9): error TS2339: Property 'div' does not exist on type 'JSX.IntrinsicElements'.
src/components/Movies_backup.tsx(63,15): error TS2339: Property 'div' does not exist on type 'JSX.IntrinsicElements'.
src/components/Movies_backup.tsx(64,17): error TS2339: Property 'img' does not exist on type 'JSX.IntrinsicElements'.
src/components/Movies_backup.tsx(70,17): error TS2339: Property 'div' does not exist on type 'JSX.IntrinsicElements'.
src/components/Movies_backup.tsx(71,19): error TS2339: Property 'div' does not exist on type 'JSX.IntrinsicElements'.
src/components/Movies_backup.tsx(73,19): error TS2339: Property 'div' does not exist on type 'JSX.IntrinsicElements'.
src/components/Movies_backup.tsx(74,17): error TS2339: Property 'div' does not exist on type 'JSX.IntrinsicElements'.
src/components/Movies_backup.tsx(76,19): error TS2339: Property 'div' does not exist on type 'JSX.IntrinsicElements'.
src/components/Movies_backup.tsx(78,19): error TS2339: Property 'div' does not exist on type 'JSX.IntrinsicElements'.
src/components/Movies_backup.tsx(80,15): error TS2339: Property 'div' does not exist on type 'JSX.IntrinsicElements'.
src/components/Movies_backup.tsx(81,15): error TS2339: Property 'div' does not exist on type 'JSX.IntrinsicElements'.
src/components/Movies_backup.tsx(82,17): error TS2339: Property 'h3' does not exist on type 'JSX.IntrinsicElements'.
src/components/Movies_backup.tsx(82,139): error TS2339: Property 'h3' does not exist on type 'JSX.IntrinsicElements'.
src/components/Movies_backup.tsx(83,17): error TS2339: Property 'p' does not exist on type 'JSX.IntrinsicElements'.
src/components/Movies_backup.tsx(85,17): error TS2339: Property 'p' does not exist on type 'JSX.IntrinsicElements'.
src/components/Movies_backup.tsx(86,15): error TS2339: Property 'div' does not exist on type 'JSX.IntrinsicElements'.
src/components/Movies_backup.tsx(89,9): error TS2339: Property 'div' does not exist on type 'JSX.IntrinsicElements'.
src/components/Movies_backup.tsx(90,7): error TS2339: Property 'div' does not exist on type 'JSX.IntrinsicElements'.
src/components/Movies_backup.tsx(91,5): error TS2339: Property 'section' does not exist on type 'JSX.IntrinsicElements'.
src/components/Movies_backup.tsx(269,5): error TS2339: Property 'div' does not exist on type 'JSX.IntrinsicElements'.
src/components/Movies_backup.tsx(270,7): error TS2339: Property 'div' does not exist on type 'JSX.IntrinsicElements'.
src/components/Movies_backup.tsx(271,9): error TS2339: Property 'div' does not exist on type 'JSX.IntrinsicElements'.
src/components/Movies_backup.tsx(271,121): error TS2339: Property 'div' does not exist on type 'JSX.IntrinsicElements'.
src/components/Movies_backup.tsx(272,9): error TS2339: Property 'div' does not exist on type 'JSX.IntrinsicElements'.
src/components/Movies_backup.tsx(272,123): error TS2339: Property 'div' does not exist on type 'JSX.IntrinsicElements'.
src/components/Movies_backup.tsx(273,7): error TS2339: Property 'div' does not exist on type 'JSX.IntrinsicElements'.
src/components/Movies_backup.tsx(275,7): error TS2339: Property 'div' does not exist on type 'JSX.IntrinsicElements'.
src/components/Movies_backup.tsx(276,9): error TS2339: Property 'div' does not exist on type 'JSX.IntrinsicElements'.
src/components/Movies_backup.tsx(277,11): error TS2339: Property 'div' does not exist on type 'JSX.IntrinsicElements'.
src/components/Movies_backup.tsx(288,13): error TS2339: Property 'h1' does not exist on type 'JSX.IntrinsicElements'.
src/components/Movies_backup.tsx(288,85): error TS2339: Property 'span' does not exist on type 'JSX.IntrinsicElements'.
src/components/Movies_backup.tsx(288,128): error TS2339: Property 'span' does not exist on type 'JSX.IntrinsicElements'.
src/components/Movies_backup.tsx(288,135): error TS2339: Property 'h1' does not exist on type 'JSX.IntrinsicElements'.
src/components/Movies_backup.tsx(289,11): error TS2339: Property 'div' does not exist on type 'JSX.IntrinsicElements'.
src/components/Movies_backup.tsx(291,11): error TS2339: Property 'div' does not exist on type 'JSX.IntrinsicElements'.
src/components/Movies_backup.tsx(292,13): error TS2339: Property 'div' does not exist on type 'JSX.IntrinsicElements'.
src/components/Movies_backup.tsx(294,13): error TS2339: Property 'div' does not exist on type 'JSX.IntrinsicElements'.
src/components/Movies_backup.tsx(295,13): error TS2339: Property 'input' does not exist on type 'JSX.IntrinsicElements'.
src/components/Movies_backup.tsx(303,15): error TS2339: Property 'button' does not exist on type 'JSX.IntrinsicElements'.
src/components/Movies_backup.tsx(308,15): error TS2339: Property 'button' does not exist on type 'JSX.IntrinsicElements'.
src/components/Movies_backup.tsx(310,11): error TS2339: Property 'div' does not exist on type 'JSX.IntrinsicElements'.
src/components/Movies_backup.tsx(311,9): error TS2339: Property 'div' does not exist on type 'JSX.IntrinsicElements'.
src/components/Movies_backup.tsx(313,9): error TS2339: Property 'div' does not exist on type 'JSX.IntrinsicElements'.
src/components/Movies_backup.tsx(315,13): error TS2339: Property 'div' does not exist on type 'JSX.IntrinsicElements'.
src/components/Movies_backup.tsx(316,15): error TS2339: Property 'div' does not exist on type 'JSX.IntrinsicElements'.
src/components/Movies_backup.tsx(316,116): error TS2339: Property 'div' does not exist on type 'JSX.IntrinsicElements'.
src/components/Movies_backup.tsx(317,13): error TS2339: Property 'div' does not exist on type 'JSX.IntrinsicElements'.
src/components/Movies_backup.tsx(319,13): error TS2339: Property 'div' does not exist on type 'JSX.IntrinsicElements'.
src/components/Movies_backup.tsx(320,15): error TS2339: Property 'div' does not exist on type 'JSX.IntrinsicElements'.
src/components/Movies_backup.tsx(322,15): error TS2339: Property 'div' does not exist on type 'JSX.IntrinsicElements'.
src/components/Movies_backup.tsx(323,15): error TS2339: Property 'h2' does not exist on type 'JSX.IntrinsicElements'.
src/components/Movies_backup.tsx(323,92): error TS2339: Property 'h2' does not exist on type 'JSX.IntrinsicElements'.
src/components/Movies_backup.tsx(324,15): error TS2339: Property 'p' does not exist on type 'JSX.IntrinsicElements'.
src/components/Movies_backup.tsx(324,61): error TS2339: Property 'p' does not exist on type 'JSX.IntrinsicElements'.
src/components/Movies_backup.tsx(325,15): error TS2339: Property 'p' does not exist on type 'JSX.IntrinsicElements'.
src/components/Movies_backup.tsx(325,145): error TS2339: Property 'p' does not exist on type 'JSX.IntrinsicElements'.
src/components/Movies_backup.tsx(326,13): error TS2339: Property 'div' does not exist on type 'JSX.IntrinsicElements'.
src/components/Movies_backup.tsx(328,13): error TS2339: Property 'div' does not exist on type 'JSX.IntrinsicElements'.
src/components/Movies_backup.tsx(330,17): error TS2339: Property 'div' does not exist on type 'JSX.IntrinsicElements'.
src/components/Movies_backup.tsx(332,17): error TS2339: Property 'div' does not exist on type 'JSX.IntrinsicElements'.
src/components/Movies_backup.tsx(336,17): error TS2339: Property 'div' does not exist on type 'JSX.IntrinsicElements'.
src/components/Movies_backup.tsx(338,17): error TS2339: Property 'div' does not exist on type 'JSX.IntrinsicElements'.
src/components/Movies_backup.tsx(340,13): error TS2339: Property 'div' does not exist on type 'JSX.IntrinsicElements'.
src/components/Movies_backup.tsx(342,13): error TS2339: Property 'div' does not exist on type 'JSX.IntrinsicElements'.
src/components/Movies_backup.tsx(346,13): error TS2339: Property 'div' does not exist on type 'JSX.IntrinsicElements'.
src/components/Movies_backup.tsx(348,9): error TS2339: Property 'div' does not exist on type 'JSX.IntrinsicElements'.
src/components/Movies_backup.tsx(349,7): error TS2339: Property 'div' does not exist on type 'JSX.IntrinsicElements'.
src/components/Movies_backup.tsx(366,15): error TS2339: Property 'div' does not exist on type 'JSX.IntrinsicElements'.
src/components/Movies_backup.tsx(367,17): error TS2339: Property 'img' does not exist on type 'JSX.IntrinsicElements'.
src/components/Movies_backup.tsx(373,17): error TS2339: Property 'div' does not exist on type 'JSX.IntrinsicElements'.
src/components/Movies_backup.tsx(373,134): error TS2339: Property 'div' does not exist on type 'JSX.IntrinsicElements'.
src/components/Movies_backup.tsx(374,15): error TS2339: Property 'div' does not exist on type 'JSX.IntrinsicElements'.
src/components/Movies_backup.tsx(378,17): error TS2339: Property 'div' does not exist on type 'JSX.IntrinsicElements'.
src/components/Movies_backup.tsx(379,19): error TS2339: Property 'button' does not exist on type 'JSX.IntrinsicElements'.
src/components/Movies_backup.tsx(384,19): error TS2339: Property 'button' does not exist on type 'JSX.IntrinsicElements'.
src/components/Movies_backup.tsx(385,19): error TS2339: Property 'iframe' does not exist on type 'JSX.IntrinsicElements'.
src/components/Movies_backup.tsx(390,20): error TS2339: Property 'iframe' does not exist on type 'JSX.IntrinsicElements'.
src/components/Movies_backup.tsx(391,17): error TS2339: Property 'div' does not exist on type 'JSX.IntrinsicElements'.
src/components/Movies_backup.tsx(393,17): error TS2339: Property 'div' does not exist on type 'JSX.IntrinsicElements'.
src/components/Movies_backup.tsx(394,17): error TS2339: Property 'button' does not exist on type 'JSX.IntrinsicElements'.
src/components/Movies_backup.tsx(399,17): error TS2339: Property 'button' does not exist on type 'JSX.IntrinsicElements'.
src/components/Movies_backup.tsx(401,17): error TS2339: Property 'h2' does not exist on type 'JSX.IntrinsicElements'.
src/components/Movies_backup.tsx(401,89): error TS2339: Property 'h2' does not exist on type 'JSX.IntrinsicElements'.
src/components/Movies_backup.tsx(403,17): error TS2339: Property 'div' does not exist on type 'JSX.IntrinsicElements'.
src/components/Movies_backup.tsx(405,21): error TS2339: Property 'span' does not exist on type 'JSX.IntrinsicElements'.
src/components/Movies_backup.tsx(407,21): error TS2339: Property 'span' does not exist on type 'JSX.IntrinsicElements'.
src/components/Movies_backup.tsx(410,21): error TS2339: Property 'span' does not exist on type 'JSX.IntrinsicElements'.
src/components/Movies_backup.tsx(410,75): error TS2339: Property 'span' does not exist on type 'JSX.IntrinsicElements'.
src/components/Movies_backup.tsx(413,21): error TS2339: Property 'span' does not exist on type 'JSX.IntrinsicElements'.
src/components/Movies_backup.tsx(413,50): error TS2339: Property 'span' does not exist on type 'JSX.IntrinsicElements'.
src/components/Movies_backup.tsx(416,21): error TS2339: Property 'span' does not exist on type 'JSX.IntrinsicElements'.
src/components/Movies_backup.tsx(418,25): error TS2339: Property 'span' does not exist on type 'JSX.IntrinsicElements'.
src/components/Movies_backup.tsx(418,84): error TS2339: Property 'span' does not exist on type 'JSX.IntrinsicElements'.
src/components/Movies_backup.tsx(420,21): error TS2339: Property 'span' does not exist on type 'JSX.IntrinsicElements'.
src/components/Movies_backup.tsx(422,17): error TS2339: Property 'div' does not exist on type 'JSX.IntrinsicElements'.
src/components/Movies_backup.tsx(424,17): error TS2339: Property 'p' does not exist on type 'JSX.IntrinsicElements'.
src/components/Movies_backup.tsx(426,17): error TS2339: Property 'p' does not exist on type 'JSX.IntrinsicElements'.
src/components/Movies_backup.tsx(429,19): error TS2339: Property 'div' does not exist on type 'JSX.IntrinsicElements'.
src/components/Movies_backup.tsx(430,21): error TS2339: Property 'div' does not exist on type 'JSX.IntrinsicElements'.
src/components/Movies_backup.tsx(431,23): error TS2339: Property 'div' does not exist on type 'JSX.IntrinsicElements'.
src/components/Movies_backup.tsx(431,78): error TS2339: Property 'div' does not exist on type 'JSX.IntrinsicElements'.
src/components/Movies_backup.tsx(432,23): error TS2339: Property 'div' does not exist on type 'JSX.IntrinsicElements'.
src/components/Movies_backup.tsx(432,73): error TS2339: Property 'div' does not exist on type 'JSX.IntrinsicElements'.
src/components/Movies_backup.tsx(433,21): error TS2339: Property 'div' does not exist on type 'JSX.IntrinsicElements'.
src/components/Movies_backup.tsx(434,21): error TS2339: Property 'div' does not exist on type 'JSX.IntrinsicElements'.
src/components/Movies_backup.tsx(435,23): error TS2339: Property 'div' does not exist on type 'JSX.IntrinsicElements'.
src/components/Movies_backup.tsx(435,78): error TS2339: Property 'div' does not exist on type 'JSX.IntrinsicElements'.
src/components/Movies_backup.tsx(436,23): error TS2339: Property 'div' does not exist on type 'JSX.IntrinsicElements'.
src/components/Movies_backup.tsx(436,73): error TS2339: Property 'div' does not exist on type 'JSX.IntrinsicElements'.
src/components/Movies_backup.tsx(437,21): error TS2339: Property 'div' does not exist on type 'JSX.IntrinsicElements'.
src/components/Movies_backup.tsx(438,21): error TS2339: Property 'div' does not exist on type 'JSX.IntrinsicElements'.
src/components/Movies_backup.tsx(439,23): error TS2339: Property 'div' does not exist on type 'JSX.IntrinsicElements'.
src/components/Movies_backup.tsx(439,78): error TS2339: Property 'div' does not exist on type 'JSX.IntrinsicElements'.
src/components/Movies_backup.tsx(440,23): error TS2339: Property 'div' does not exist on type 'JSX.IntrinsicElements'.
src/components/Movies_backup.tsx(440,73): error TS2339: Property 'div' does not exist on type 'JSX.IntrinsicElements'.
src/components/Movies_backup.tsx(441,21): error TS2339: Property 'div' does not exist on type 'JSX.IntrinsicElements'.
src/components/Movies_backup.tsx(442,19): error TS2339: Property 'div' does not exist on type 'JSX.IntrinsicElements'.
src/components/Movies_backup.tsx(446,23): error TS2339: Property 'div' does not exist on type 'JSX.IntrinsicElements'.
src/components/Movies_backup.tsx(447,25): error TS2339: Property 'iframe' does not exist on type 'JSX.IntrinsicElements'.
src/components/Movies_backup.tsx(455,25): error TS2339: Property 'iframe' does not exist on type 'JSX.IntrinsicElements'.
src/components/Movies_backup.tsx(456,23): error TS2339: Property 'div' does not exist on type 'JSX.IntrinsicElements'.
src/components/Movies_backup.tsx(459,21): error TS2339: Property 'div' does not exist on type 'JSX.IntrinsicElements'.
src/components/Movies_backup.tsx(461,27): error TS2339: Property 'div' does not exist on type 'JSX.IntrinsicElements'.
src/components/Movies_backup.tsx(462,29): error TS2339: Property 'h3' does not exist on type 'JSX.IntrinsicElements'.
src/components/Movies_backup.tsx(462,142): error TS2339: Property 'h3' does not exist on type 'JSX.IntrinsicElements'.
src/components/Movies_backup.tsx(463,29): error TS2339: Property 'div' does not exist on type 'JSX.IntrinsicElements'.
src/components/Movies_backup.tsx(465,33): error TS2339: Property 'div' does not exist on type 'JSX.IntrinsicElements'.
src/components/Movies_backup.tsx(467,37): error TS2339: Property 'img' does not exist on type 'JSX.IntrinsicElements'.
src/components/Movies_backup.tsx(469,37): error TS2339: Property 'div' does not exist on type 'JSX.IntrinsicElements'.
src/components/Movies_backup.tsx(469,185): error TS2339: Property 'div' does not exist on type 'JSX.IntrinsicElements'.
src/components/Movies_backup.tsx(471,35): error TS2339: Property 'div' does not exist on type 'JSX.IntrinsicElements'.
src/components/Movies_backup.tsx(472,37): error TS2339: Property 'div' does not exist on type 'JSX.IntrinsicElements'.
src/components/Movies_backup.tsx(472,97): error TS2339: Property 'div' does not exist on type 'JSX.IntrinsicElements'.
src/components/Movies_backup.tsx(473,37): error TS2339: Property 'div' does not exist on type 'JSX.IntrinsicElements'.
src/components/Movies_backup.tsx(473,90): error TS2339: Property 'div' does not exist on type 'JSX.IntrinsicElements'.
src/components/Movies_backup.tsx(474,35): error TS2339: Property 'div' does not exist on type 'JSX.IntrinsicElements'.
src/components/Movies_backup.tsx(475,33): error TS2339: Property 'div' does not exist on type 'JSX.IntrinsicElements'.
src/components/Movies_backup.tsx(477,29): error TS2339: Property 'div' does not exist on type 'JSX.IntrinsicElements'.
src/components/Movies_backup.tsx(478,27): error TS2339: Property 'div' does not exist on type 'JSX.IntrinsicElements'.
src/components/Movies_backup.tsx(481,25): error TS2339: Property 'div' does not exist on type 'JSX.IntrinsicElements'.
src/components/Movies_backup.tsx(483,29): error TS2339: Property 'div' does not exist on type 'JSX.IntrinsicElements'.
src/components/Movies_backup.tsx(484,31): error TS2339: Property 'h3' does not exist on type 'JSX.IntrinsicElements'.
src/components/Movies_backup.tsx(484,144): error TS2339: Property 'h3' does not exist on type 'JSX.IntrinsicElements'.
src/components/Movies_backup.tsx(485,31): error TS2339: Property 'div' does not exist on type 'JSX.IntrinsicElements'.
src/components/Movies_backup.tsx(487,35): error TS2339: Property 'div' does not exist on type 'JSX.IntrinsicElements'.
src/components/Movies_backup.tsx(488,37): error TS2339: Property 'div' does not exist on type 'JSX.IntrinsicElements'.
src/components/Movies_backup.tsx(488,97): error TS2339: Property 'div' does not exist on type 'JSX.IntrinsicElements'.
src/components/Movies_backup.tsx(489,37): error TS2339: Property 'div' does not exist on type 'JSX.IntrinsicElements'.
src/components/Movies_backup.tsx(489,84): error TS2339: Property 'div' does not exist on type 'JSX.IntrinsicElements'.
src/components/Movies_backup.tsx(490,35): error TS2339: Property 'div' does not exist on type 'JSX.IntrinsicElements'.
src/components/Movies_backup.tsx(492,31): error TS2339: Property 'div' does not exist on type 'JSX.IntrinsicElements'.
src/components/Movies_backup.tsx(493,29): error TS2339: Property 'div' does not exist on type 'JSX.IntrinsicElements'.
src/components/Movies_backup.tsx(497,29): error TS2339: Property 'div' does not exist on type 'JSX.IntrinsicElements'.
src/components/Movies_backup.tsx(498,31): error TS2339: Property 'h3' does not exist on type 'JSX.IntrinsicElements'.
src/components/Movies_backup.tsx(498,151): error TS2339: Property 'h3' does not exist on type 'JSX.IntrinsicElements'.
src/components/Movies_backup.tsx(499,31): error TS2339: Property 'p' does not exist on type 'JSX.IntrinsicElements'.
src/components/Movies_backup.tsx(499,96): error TS2339: Property 'p' does not exist on type 'JSX.IntrinsicElements'.
src/components/Movies_backup.tsx(500,29): error TS2339: Property 'div' does not exist on type 'JSX.IntrinsicElements'.
src/components/Movies_backup.tsx(502,25): error TS2339: Property 'div' does not exist on type 'JSX.IntrinsicElements'.
src/components/Movies_backup.tsx(503,21): error TS2339: Property 'div' does not exist on type 'JSX.IntrinsicElements'.
src/components/Movies_backup.tsx(506,23): error TS2339: Property 'div' does not exist on type 'JSX.IntrinsicElements'.
src/components/Movies_backup.tsx(507,25): error TS2339: Property 'h3' does not exist on type 'JSX.IntrinsicElements'.
src/components/Movies_backup.tsx(507,148): error TS2339: Property 'h3' does not exist on type 'JSX.IntrinsicElements'.
src/components/Movies_backup.tsx(508,25): error TS2339: Property 'div' does not exist on type 'JSX.IntrinsicElements'.
src/components/Movies_backup.tsx(510,29): error TS2339: Property 'div' does not exist on type 'JSX.IntrinsicElements'.
src/components/Movies_backup.tsx(515,32): error TS2339: Property 'div' does not exist on type 'JSX.IntrinsicElements'.
src/components/Movies_backup.tsx(517,36): error TS2339: Property 'img' does not exist on type 'JSX.IntrinsicElements'.
src/components/Movies_backup.tsx(519,36): error TS2339: Property 'div' does not exist on type 'JSX.IntrinsicElements'.
src/components/Movies_backup.tsx(519,160): error TS2339: Property 'div' does not exist on type 'JSX.IntrinsicElements'.
src/components/Movies_backup.tsx(522,36): error TS2339: Property 'div' does not exist on type 'JSX.IntrinsicElements'.
src/components/Movies_backup.tsx(525,36): error TS2339: Property 'div' does not exist on type 'JSX.IntrinsicElements'.
src/components/Movies_backup.tsx(527,32): error TS2339: Property 'div' does not exist on type 'JSX.IntrinsicElements'.
src/components/Movies_backup.tsx(528,32): error TS2339: Property 'div' does not exist on type 'JSX.IntrinsicElements'.
src/components/Movies_backup.tsx(529,34): error TS2339: Property 'h4' does not exist on type 'JSX.IntrinsicElements'.
src/components/Movies_backup.tsx(529,97): error TS2339: Property 'h4' does not exist on type 'JSX.IntrinsicElements'.
src/components/Movies_backup.tsx(530,49): error TS2339: Property 'p' does not exist on type 'JSX.IntrinsicElements'.
src/components/Movies_backup.tsx(530,123): error TS2339: Property 'p' does not exist on type 'JSX.IntrinsicElements'.
src/components/Movies_backup.tsx(531,32): error TS2339: Property 'div' does not exist on type 'JSX.IntrinsicElements'.
src/components/Movies_backup.tsx(532,29): error TS2339: Property 'div' does not exist on type 'JSX.IntrinsicElements'.
src/components/Movies_backup.tsx(534,25): error TS2339: Property 'div' does not exist on type 'JSX.IntrinsicElements'.
src/components/Movies_backup.tsx(535,23): error TS2339: Property 'div' does not exist on type 'JSX.IntrinsicElements'.
src/components/Movies_backup.tsx(539,15): error TS2339: Property 'div' does not exist on type 'JSX.IntrinsicElements'.
src/components/Movies_backup.tsx(545,5): error TS2339: Property 'div' does not exist on type 'JSX.IntrinsicElements'.
src/components/ShakaPlayer.tsx(376,5): error TS2339: Property 'div' does not exist on type 'JSX.IntrinsicElements'.
src/components/ShakaPlayer.tsx(383,9): error TS2339: Property 'div' does not exist on type 'JSX.IntrinsicElements'.
src/components/ShakaPlayer.tsx(384,11): error TS2339: Property 'div' does not exist on type 'JSX.IntrinsicElements'.
src/components/ShakaPlayer.tsx(385,13): error TS2339: Property 'button' does not exist on type 'JSX.IntrinsicElements'.
src/components/ShakaPlayer.tsx(390,13): error TS2339: Property 'button' does not exist on type 'JSX.IntrinsicElements'.
src/components/ShakaPlayer.tsx(391,13): error TS2339: Property 'p' does not exist on type 'JSX.IntrinsicElements'.
src/components/ShakaPlayer.tsx(391,57): error TS2339: Property 'p' does not exist on type 'JSX.IntrinsicElements'.
src/components/ShakaPlayer.tsx(392,11): error TS2339: Property 'div' does not exist on type 'JSX.IntrinsicElements'.
src/components/ShakaPlayer.tsx(393,9): error TS2339: Property 'div' does not exist on type 'JSX.IntrinsicElements'.
src/components/ShakaPlayer.tsx(397,7): error TS2339: Property 'div' does not exist on type 'JSX.IntrinsicElements'.
src/components/ShakaPlayer.tsx(398,9): error TS2339: Property 'div' does not exist on type 'JSX.IntrinsicElements'.
src/components/ShakaPlayer.tsx(399,11): error TS2339: Property 'span' does not exist on type 'JSX.IntrinsicElements'.
src/components/ShakaPlayer.tsx(399,25): error TS2339: Property 'span' does not exist on type 'JSX.IntrinsicElements'.
src/components/ShakaPlayer.tsx(400,11): error TS2339: Property 'div' does not exist on type 'JSX.IntrinsicElements'.
src/components/ShakaPlayer.tsx(402,11): error TS2339: Property 'div' does not exist on type 'JSX.IntrinsicElements'.
src/components/ShakaPlayer.tsx(403,9): error TS2339: Property 'div' does not exist on type 'JSX.IntrinsicElements'.
src/components/ShakaPlayer.tsx(404,9): error TS2339: Property 'div' does not exist on type 'JSX.IntrinsicElements'.
src/components/ShakaPlayer.tsx(405,11): error TS2339: Property 'div' does not exist on type 'JSX.IntrinsicElements'.
src/components/ShakaPlayer.tsx(406,13): error TS2339: Property 'span' does not exist on type 'JSX.IntrinsicElements'.
src/components/ShakaPlayer.tsx(406,26): error TS2339: Property 'span' does not exist on type 'JSX.IntrinsicElements'.
src/components/ShakaPlayer.tsx(407,13): error TS2339: Property 'div' does not exist on type 'JSX.IntrinsicElements'.
src/components/ShakaPlayer.tsx(408,15): error TS2339: Property 'div' does not exist on type 'JSX.IntrinsicElements'.
src/components/ShakaPlayer.tsx(409,17): error TS2339: Property 'span' does not exist on type 'JSX.IntrinsicElements'.
src/components/ShakaPlayer.tsx(409,64): error TS2339: Property 'span' does not exist on type 'JSX.IntrinsicElements'.
src/components/ShakaPlayer.tsx(410,17): error TS2339: Property 'svg' does not exist on type 'JSX.IntrinsicElements'.
src/components/ShakaPlayer.tsx(410,72): error TS2339: Property 'path' does not exist on type 'JSX.IntrinsicElements'.
src/components/ShakaPlayer.tsx(410,110): error TS2339: Property 'svg' does not exist on type 'JSX.IntrinsicElements'.
src/components/ShakaPlayer.tsx(411,15): error TS2339: Property 'div' does not exist on type 'JSX.IntrinsicElements'.
src/components/ShakaPlayer.tsx(412,15): error TS2339: Property 'div' does not exist on type 'JSX.IntrinsicElements'.
src/components/ShakaPlayer.tsx(414,19): error TS2339: Property 'div' does not exist on type 'JSX.IntrinsicElements'.
src/components/ShakaPlayer.tsx(417,19): error TS2339: Property 'div' does not exist on type 'JSX.IntrinsicElements'.
src/components/ShakaPlayer.tsx(419,15): error TS2339: Property 'div' does not exist on type 'JSX.IntrinsicElements'.
src/components/ShakaPlayer.tsx(420,13): error TS2339: Property 'div' does not exist on type 'JSX.IntrinsicElements'.
src/components/ShakaPlayer.tsx(421,11): error TS2339: Property 'div' does not exist on type 'JSX.IntrinsicElements'.
src/components/ShakaPlayer.tsx(422,11): error TS2339: Property 'div' does not exist on type 'JSX.IntrinsicElements'.
src/components/ShakaPlayer.tsx(423,13): error TS2339: Property 'span' does not exist on type 'JSX.IntrinsicElements'.
src/components/ShakaPlayer.tsx(423,33): error TS2339: Property 'span' does not exist on type 'JSX.IntrinsicElements'.
src/components/ShakaPlayer.tsx(424,13): error TS2339: Property 'div' does not exist on type 'JSX.IntrinsicElements'.
src/components/ShakaPlayer.tsx(425,15): error TS2339: Property 'div' does not exist on type 'JSX.IntrinsicElements'.
src/components/ShakaPlayer.tsx(426,17): error TS2339: Property 'span' does not exist on type 'JSX.IntrinsicElements'.
src/components/ShakaPlayer.tsx(426,108): error TS2339: Property 'span' does not exist on type 'JSX.IntrinsicElements'.
src/components/ShakaPlayer.tsx(427,17): error TS2339: Property 'svg' does not exist on type 'JSX.IntrinsicElements'.
src/components/ShakaPlayer.tsx(427,72): error TS2339: Property 'path' does not exist on type 'JSX.IntrinsicElements'.
src/components/ShakaPlayer.tsx(427,110): error TS2339: Property 'svg' does not exist on type 'JSX.IntrinsicElements'.
src/components/ShakaPlayer.tsx(428,15): error TS2339: Property 'div' does not exist on type 'JSX.IntrinsicElements'.
src/components/ShakaPlayer.tsx(429,15): error TS2339: Property 'div' does not exist on type 'JSX.IntrinsicElements'.
src/components/ShakaPlayer.tsx(431,19): error TS2339: Property 'div' does not exist on type 'JSX.IntrinsicElements'.
src/components/ShakaPlayer.tsx(438,19): error TS2339: Property 'div' does not exist on type 'JSX.IntrinsicElements'.
src/components/ShakaPlayer.tsx(440,15): error TS2339: Property 'div' does not exist on type 'JSX.IntrinsicElements'.
src/components/ShakaPlayer.tsx(441,13): error TS2339: Property 'div' does not exist on type 'JSX.IntrinsicElements'.
src/components/ShakaPlayer.tsx(442,11): error TS2339: Property 'div' does not exist on type 'JSX.IntrinsicElements'.
src/components/ShakaPlayer.tsx(443,9): error TS2339: Property 'div' does not exist on type 'JSX.IntrinsicElements'.
src/components/ShakaPlayer.tsx(444,7): error TS2339: Property 'div' does not exist on type 'JSX.IntrinsicElements'.
src/components/ShakaPlayer.tsx(446,21): error TS2339: Property 'div' does not exist on type 'JSX.IntrinsicElements'.
src/components/ShakaPlayer.tsx(446,275): error TS2339: Property 'div' does not exist on type 'JSX.IntrinsicElements'.
src/components/ShakaPlayer.tsx(448,7): error TS2339: Property 'video' does not exist on type 'JSX.IntrinsicElements'.
src/components/ShakaPlayer.tsx(455,8): error TS2339: Property 'video' does not exist on type 'JSX.IntrinsicElements'.
src/components/ShakaPlayer.tsx(456,7): error TS2339: Property 'video' does not exist on type 'JSX.IntrinsicElements'.
src/components/ShakaPlayer.tsx(456,110): error TS2339: Property 'video' does not exist on type 'JSX.IntrinsicElements'.
src/components/ShakaPlayer.tsx(459,7): error TS2339: Property 'div' does not exist on type 'JSX.IntrinsicElements'.
src/components/ShakaPlayer.tsx(460,9): error TS2339: Property 'div' does not exist on type 'JSX.IntrinsicElements'.
src/components/ShakaPlayer.tsx(461,11): error TS2339: Property 'div' does not exist on type 'JSX.IntrinsicElements'.
src/components/ShakaPlayer.tsx(470,13): error TS2339: Property 'div' does not exist on type 'JSX.IntrinsicElements'.
src/components/ShakaPlayer.tsx(470,76): error TS2339: Property 'div' does not exist on type 'JSX.IntrinsicElements'.
src/components/ShakaPlayer.tsx(471,13): error TS2339: Property 'div' does not exist on type 'JSX.IntrinsicElements'.
src/components/ShakaPlayer.tsx(473,13): error TS2339: Property 'div' does not exist on type 'JSX.IntrinsicElements'.
src/components/ShakaPlayer.tsx(474,13): error TS2339: Property 'div' does not exist on type 'JSX.IntrinsicElements'.
src/components/ShakaPlayer.tsx(475,15): error TS2339: Property 'canvas' does not exist on type 'JSX.IntrinsicElements'.
src/components/ShakaPlayer.tsx(475,85): error TS2339: Property 'canvas' does not exist on type 'JSX.IntrinsicElements'.
src/components/ShakaPlayer.tsx(476,13): error TS2339: Property 'div' does not exist on type 'JSX.IntrinsicElements'.
src/components/ShakaPlayer.tsx(477,11): error TS2339: Property 'div' does not exist on type 'JSX.IntrinsicElements'.
src/components/ShakaPlayer.tsx(479,11): error TS2339: Property 'div' does not exist on type 'JSX.IntrinsicElements'.
src/components/ShakaPlayer.tsx(480,13): error TS2339: Property 'div' does not exist on type 'JSX.IntrinsicElements'.
src/components/ShakaPlayer.tsx(483,21): error TS2339: Property 'svg' does not exist on type 'JSX.IntrinsicElements'.
src/components/ShakaPlayer.tsx(484,23): error TS2339: Property 'path' does not exist on type 'JSX.IntrinsicElements'.
src/components/ShakaPlayer.tsx(484,551): error TS2339: Property 'path' does not exist on type 'JSX.IntrinsicElements'.
src/components/ShakaPlayer.tsx(485,21): error TS2339: Property 'svg' does not exist on type 'JSX.IntrinsicElements'.
src/components/ShakaPlayer.tsx(487,21): error TS2339: Property 'svg' does not exist on type 'JSX.IntrinsicElements'.
src/components/ShakaPlayer.tsx(488,23): error TS2339: Property 'path' does not exist on type 'JSX.IntrinsicElements'.
src/components/ShakaPlayer.tsx(488,708): error TS2339: Property 'path' does not exist on type 'JSX.IntrinsicElements'.
src/components/ShakaPlayer.tsx(489,21): error TS2339: Property 'svg' does not exist on type 'JSX.IntrinsicElements'.
src/components/ShakaPlayer.tsx(493,15): error TS2339: Property 'div' does not exist on type 'JSX.IntrinsicElements'.
src/components/ShakaPlayer.tsx(495,21): error TS2339: Property 'svg' does not exist on type 'JSX.IntrinsicElements'.
src/components/ShakaPlayer.tsx(497,25): error TS2339: Property 'path' does not exist on type 'JSX.IntrinsicElements'.
src/components/ShakaPlayer.tsx(497,1653): error TS2339: Property 'path' does not exist on type 'JSX.IntrinsicElements'.
src/components/ShakaPlayer.tsx(500,27): error TS2339: Property 'path' does not exist on type 'JSX.IntrinsicElements'.
src/components/ShakaPlayer.tsx(500,544): error TS2339: Property 'path' does not exist on type 'JSX.IntrinsicElements'.
src/components/ShakaPlayer.tsx(501,27): error TS2339: Property 'path' does not exist on type 'JSX.IntrinsicElements'.
src/components/ShakaPlayer.tsx(501,829): error TS2339: Property 'path' does not exist on type 'JSX.IntrinsicElements'.
src/components/ShakaPlayer.tsx(502,44): error TS2339: Property 'path' does not exist on type 'JSX.IntrinsicElements'.
src/components/ShakaPlayer.tsx(502,796): error TS2339: Property 'path' does not exist on type 'JSX.IntrinsicElements'.
src/components/ShakaPlayer.tsx(505,21): error TS2339: Property 'svg' does not exist on type 'JSX.IntrinsicElements'.
src/components/ShakaPlayer.tsx(529,19): error TS2339: Property 'div' does not exist on type 'JSX.IntrinsicElements'.
src/components/ShakaPlayer.tsx(533,23): error TS2339: Property 'div' does not exist on type 'JSX.IntrinsicElements'.
src/components/ShakaPlayer.tsx(533,48): error TS2339: Property 'div' does not exist on type 'JSX.IntrinsicElements'.
src/components/ShakaPlayer.tsx(534,21): error TS2339: Property 'div' does not exist on type 'JSX.IntrinsicElements'.
src/components/ShakaPlayer.tsx(536,15): error TS2339: Property 'div' does not exist on type 'JSX.IntrinsicElements'.
src/components/ShakaPlayer.tsx(539,19): error TS2339: Property 'div' does not exist on type 'JSX.IntrinsicElements'.
src/components/ShakaPlayer.tsx(540,21): error TS2339: Property 'span' does not exist on type 'JSX.IntrinsicElements'.
src/components/ShakaPlayer.tsx(540,77): error TS2339: Property 'span' does not exist on type 'JSX.IntrinsicElements'.
src/components/ShakaPlayer.tsx(540,87): error TS2339: Property 'span' does not exist on type 'JSX.IntrinsicElements'.
src/components/ShakaPlayer.tsx(540,136): error TS2339: Property 'span' does not exist on type 'JSX.IntrinsicElements'.
src/components/ShakaPlayer.tsx(541,19): error TS2339: Property 'div' does not exist on type 'JSX.IntrinsicElements'.
src/components/ShakaPlayer.tsx(543,13): error TS2339: Property 'div' does not exist on type 'JSX.IntrinsicElements'.
src/components/ShakaPlayer.tsx(545,13): error TS2339: Property 'div' does not exist on type 'JSX.IntrinsicElements'.
src/components/ShakaPlayer.tsx(549,19): error TS2339: Property 'div' does not exist on type 'JSX.IntrinsicElements'.
src/components/ShakaPlayer.tsx(551,19): error TS2339: Property 'div' does not exist on type 'JSX.IntrinsicElements'.
src/components/ShakaPlayer.tsx(553,19): error TS2339: Property 'div' does not exist on type 'JSX.IntrinsicElements'.
src/components/ShakaPlayer.tsx(555,19): error TS2339: Property 'div' does not exist on type 'JSX.IntrinsicElements'.
src/components/ShakaPlayer.tsx(557,19): error TS2339: Property 'div' does not exist on type 'JSX.IntrinsicElements'.
src/components/ShakaPlayer.tsx(559,19): error TS2339: Property 'div' does not exist on type 'JSX.IntrinsicElements'.
src/components/ShakaPlayer.tsx(561,13): error TS2339: Property 'div' does not exist on type 'JSX.IntrinsicElements'.
src/components/ShakaPlayer.tsx(562,11): error TS2339: Property 'div' does not exist on type 'JSX.IntrinsicElements'.
src/components/ShakaPlayer.tsx(563,9): error TS2339: Property 'div' does not exist on type 'JSX.IntrinsicElements'.
src/components/ShakaPlayer.tsx(564,7): error TS2339: Property 'div' does not exist on type 'JSX.IntrinsicElements'.
src/components/ShakaPlayer.tsx(567,5): error TS2339: Property 'div' does not exist on type 'JSX.IntrinsicElements'.
src/components/WebtorPlayer.tsx(53,5): error TS2339: Property 'div' does not exist on type 'JSX.IntrinsicElements'.
src/components/WebtorPlayer.tsx(54,7): error TS2339: Property 'div' does not exist on type 'JSX.IntrinsicElements'.
src/components/WebtorPlayer.tsx(55,5): error TS2339: Property 'div' does not exist on type 'JSX.IntrinsicElements'.
src/components/auth/Login.tsx(16,33): error TS2503: Cannot find namespace 'React'.
src/components/auth/Login.tsx(35,5): error TS2339: Property 'div' does not exist on type 'JSX.IntrinsicElements'.
src/components/auth/Login.tsx(36,7): error TS2339: Property 'div' does not exist on type 'JSX.IntrinsicElements'.
src/components/auth/Login.tsx(36,133): error TS2339: Property 'div' does not exist on type 'JSX.IntrinsicElements'.
src/components/auth/Login.tsx(37,7): error TS2339: Property 'div' does not exist on type 'JSX.IntrinsicElements'.
src/components/auth/Login.tsx(37,137): error TS2339: Property 'div' does not exist on type 'JSX.IntrinsicElements'.
src/components/auth/Login.tsx(45,9): error TS2339: Property 'div' does not exist on type 'JSX.IntrinsicElements'.
src/components/auth/Login.tsx(46,11): error TS2339: Property 'div' does not exist on type 'JSX.IntrinsicElements'.
src/components/auth/Login.tsx(48,11): error TS2339: Property 'div' does not exist on type 'JSX.IntrinsicElements'.
src/components/auth/Login.tsx(49,11): error TS2339: Property 'h1' does not exist on type 'JSX.IntrinsicElements'.
src/components/auth/Login.tsx(50,16): error TS2339: Property 'span' does not exist on type 'JSX.IntrinsicElements'.
src/components/auth/Login.tsx(50,50): error TS2339: Property 'span' does not exist on type 'JSX.IntrinsicElements'.
src/components/auth/Login.tsx(51,11): error TS2339: Property 'h1' does not exist on type 'JSX.IntrinsicElements'.
src/components/auth/Login.tsx(52,11): error TS2339: Property 'p' does not exist on type 'JSX.IntrinsicElements'.
src/components/auth/Login.tsx(52,83): error TS2339: Property 'p' does not exist on type 'JSX.IntrinsicElements'.
src/components/auth/Login.tsx(53,9): error TS2339: Property 'div' does not exist on type 'JSX.IntrinsicElements'.
src/components/auth/Login.tsx(56,11): error TS2339: Property 'form' does not exist on type 'JSX.IntrinsicElements'.
src/components/auth/Login.tsx(58,15): error TS2339: Property 'div' does not exist on type 'JSX.IntrinsicElements'.
src/components/auth/Login.tsx(60,15): error TS2339: Property 'div' does not exist on type 'JSX.IntrinsicElements'.
src/components/auth/Login.tsx(63,13): error TS2339: Property 'div' does not exist on type 'JSX.IntrinsicElements'.
src/components/auth/Login.tsx(64,15): error TS2339: Property 'label' does not exist on type 'JSX.IntrinsicElements'.
src/components/auth/Login.tsx(64,79): error TS2339: Property 'label' does not exist on type 'JSX.IntrinsicElements'.
src/components/auth/Login.tsx(65,15): error TS2339: Property 'input' does not exist on type 'JSX.IntrinsicElements'.
src/components/auth/Login.tsx(72,13): error TS2339: Property 'div' does not exist on type 'JSX.IntrinsicElements'.
src/components/auth/Login.tsx(74,13): error TS2339: Property 'div' does not exist on type 'JSX.IntrinsicElements'.
src/components/auth/Login.tsx(75,15): error TS2339: Property 'label' does not exist on type 'JSX.IntrinsicElements'.
src/components/auth/Login.tsx(75,82): error TS2339: Property 'label' does not exist on type 'JSX.IntrinsicElements'.
src/components/auth/Login.tsx(76,15): error TS2339: Property 'div' does not exist on type 'JSX.IntrinsicElements'.
src/components/auth/Login.tsx(77,17): error TS2339: Property 'input' does not exist on type 'JSX.IntrinsicElements'.
src/components/auth/Login.tsx(84,17): error TS2339: Property 'button' does not exist on type 'JSX.IntrinsicElements'.
src/components/auth/Login.tsx(90,17): error TS2339: Property 'button' does not exist on type 'JSX.IntrinsicElements'.
src/components/auth/Login.tsx(91,15): error TS2339: Property 'div' does not exist on type 'JSX.IntrinsicElements'.
src/components/auth/Login.tsx(92,13): error TS2339: Property 'div' does not exist on type 'JSX.IntrinsicElements'.
src/components/auth/Login.tsx(94,13): error TS2339: Property 'div' does not exist on type 'JSX.IntrinsicElements'.
src/components/auth/Login.tsx(95,15): error TS2339: Property 'button' does not exist on type 'JSX.IntrinsicElements'.
src/components/auth/Login.tsx(97,15): error TS2339: Property 'button' does not exist on type 'JSX.IntrinsicElements'.
src/components/auth/Login.tsx(98,13): error TS2339: Property 'div' does not exist on type 'JSX.IntrinsicElements'.
src/components/auth/Login.tsx(100,13): error TS2339: Property 'button' does not exist on type 'JSX.IntrinsicElements'.
src/components/auth/Login.tsx(106,13): error TS2339: Property 'button' does not exist on type 'JSX.IntrinsicElements'.
src/components/auth/Login.tsx(108,13): error TS2339: Property 'div' does not exist on type 'JSX.IntrinsicElements'.
src/components/auth/Login.tsx(109,15): error TS2339: Property 'span' does not exist on type 'JSX.IntrinsicElements'.
src/components/auth/Login.tsx(109,70): error TS2339: Property 'span' does not exist on type 'JSX.IntrinsicElements'.
src/components/auth/Login.tsx(110,15): error TS2339: Property 'button' does not exist on type 'JSX.IntrinsicElements'.
src/components/auth/Login.tsx(116,15): error TS2339: Property 'button' does not exist on type 'JSX.IntrinsicElements'.
src/components/auth/Login.tsx(117,13): error TS2339: Property 'div' does not exist on type 'JSX.IntrinsicElements'.
src/components/auth/Login.tsx(118,11): error TS2339: Property 'form' does not exist on type 'JSX.IntrinsicElements'.
src/components/auth/Login.tsx(121,5): error TS2339: Property 'div' does not exist on type 'JSX.IntrinsicElements'.
src/components/auth/Register.tsx(18,36): error TS2503: Cannot find namespace 'React'.
src/components/auth/Register.tsx(50,5): error TS2339: Property 'div' does not exist on type 'JSX.IntrinsicElements'.
src/components/auth/Register.tsx(51,7): error TS2339: Property 'div' does not exist on type 'JSX.IntrinsicElements'.
src/components/auth/Register.tsx(51,134): error TS2339: Property 'div' does not exist on type 'JSX.IntrinsicElements'.
src/components/auth/Register.tsx(52,7): error TS2339: Property 'div' does not exist on type 'JSX.IntrinsicElements'.
src/components/auth/Register.tsx(52,136): error TS2339: Property 'div' does not exist on type 'JSX.IntrinsicElements'.
src/components/auth/Register.tsx(60,9): error TS2339: Property 'div' does not exist on type 'JSX.IntrinsicElements'.
src/components/auth/Register.tsx(61,11): error TS2339: Property 'div' does not exist on type 'JSX.IntrinsicElements'.
src/components/auth/Register.tsx(63,11): error TS2339: Property 'div' does not exist on type 'JSX.IntrinsicElements'.
src/components/auth/Register.tsx(64,11): error TS2339: Property 'h1' does not exist on type 'JSX.IntrinsicElements'.
src/components/auth/Register.tsx(64,80): error TS2339: Property 'h1' does not exist on type 'JSX.IntrinsicElements'.
src/components/auth/Register.tsx(65,11): error TS2339: Property 'p' does not exist on type 'JSX.IntrinsicElements'.
src/components/auth/Register.tsx(65,101): error TS2339: Property 'p' does not exist on type 'JSX.IntrinsicElements'.
src/components/auth/Register.tsx(66,9): error TS2339: Property 'div' does not exist on type 'JSX.IntrinsicElements'.
src/components/auth/Register.tsx(69,11): error TS2339: Property 'form' does not exist on type 'JSX.IntrinsicElements'.
src/components/auth/Register.tsx(71,15): error TS2339: Property 'div' does not exist on type 'JSX.IntrinsicElements'.
src/components/auth/Register.tsx(73,15): error TS2339: Property 'div' does not exist on type 'JSX.IntrinsicElements'.
src/components/auth/Register.tsx(76,13): error TS2339: Property 'div' does not exist on type 'JSX.IntrinsicElements'.
src/components/auth/Register.tsx(77,15): error TS2339: Property 'label' does not exist on type 'JSX.IntrinsicElements'.
src/components/auth/Register.tsx(77,83): error TS2339: Property 'label' does not exist on type 'JSX.IntrinsicElements'.
src/components/auth/Register.tsx(78,15): error TS2339: Property 'input' does not exist on type 'JSX.IntrinsicElements'.
src/components/auth/Register.tsx(85,13): error TS2339: Property 'div' does not exist on type 'JSX.IntrinsicElements'.
src/components/auth/Register.tsx(87,13): error TS2339: Property 'div' does not exist on type 'JSX.IntrinsicElements'.
src/components/auth/Register.tsx(88,15): error TS2339: Property 'label' does not exist on type 'JSX.IntrinsicElements'.
src/components/auth/Register.tsx(88,79): error TS2339: Property 'label' does not exist on type 'JSX.IntrinsicElements'.
src/components/auth/Register.tsx(89,15): error TS2339: Property 'input' does not exist on type 'JSX.IntrinsicElements'.
src/components/auth/Register.tsx(96,13): error TS2339: Property 'div' does not exist on type 'JSX.IntrinsicElements'.
src/components/auth/Register.tsx(98,13): error TS2339: Property 'div' does not exist on type 'JSX.IntrinsicElements'.
src/components/auth/Register.tsx(99,15): error TS2339: Property 'label' does not exist on type 'JSX.IntrinsicElements'.
src/components/auth/Register.tsx(99,82): error TS2339: Property 'label' does not exist on type 'JSX.IntrinsicElements'.
src/components/auth/Register.tsx(100,15): error TS2339: Property 'div' does not exist on type 'JSX.IntrinsicElements'.
src/components/auth/Register.tsx(101,17): error TS2339: Property 'input' does not exist on type 'JSX.IntrinsicElements'.
src/components/auth/Register.tsx(108,17): error TS2339: Property 'button' does not exist on type 'JSX.IntrinsicElements'.
src/components/auth/Register.tsx(114,17): error TS2339: Property 'button' does not exist on type 'JSX.IntrinsicElements'.
src/components/auth/Register.tsx(115,15): error TS2339: Property 'div' does not exist on type 'JSX.IntrinsicElements'.
src/components/auth/Register.tsx(116,13): error TS2339: Property 'div' does not exist on type 'JSX.IntrinsicElements'.
src/components/auth/Register.tsx(118,13): error TS2339: Property 'div' does not exist on type 'JSX.IntrinsicElements'.
src/components/auth/Register.tsx(119,15): error TS2339: Property 'label' does not exist on type 'JSX.IntrinsicElements'.
src/components/auth/Register.tsx(119,90): error TS2339: Property 'label' does not exist on type 'JSX.IntrinsicElements'.
src/components/auth/Register.tsx(120,15): error TS2339: Property 'div' does not exist on type 'JSX.IntrinsicElements'.
src/components/auth/Register.tsx(121,17): error TS2339: Property 'input' does not exist on type 'JSX.IntrinsicElements'.
src/components/auth/Register.tsx(128,15): error TS2339: Property 'div' does not exist on type 'JSX.IntrinsicElements'.
src/components/auth/Register.tsx(129,13): error TS2339: Property 'div' does not exist on type 'JSX.IntrinsicElements'.
src/components/auth/Register.tsx(131,13): error TS2339: Property 'button' does not exist on type 'JSX.IntrinsicElements'.
src/components/auth/Register.tsx(137,13): error TS2339: Property 'button' does not exist on type 'JSX.IntrinsicElements'.
src/components/auth/Register.tsx(139,13): error TS2339: Property 'div' does not exist on type 'JSX.IntrinsicElements'.
src/components/auth/Register.tsx(140,15): error TS2339: Property 'span' does not exist on type 'JSX.IntrinsicElements'.
src/components/auth/Register.tsx(140,81): error TS2339: Property 'span' does not exist on type 'JSX.IntrinsicElements'.
src/components/auth/Register.tsx(141,15): error TS2339: Property 'button' does not exist on type 'JSX.IntrinsicElements'.
src/components/auth/Register.tsx(147,15): error TS2339: Property 'button' does not exist on type 'JSX.IntrinsicElements'.
src/components/auth/Register.tsx(148,13): error TS2339: Property 'div' does not exist on type 'JSX.IntrinsicElements'.
src/components/auth/Register.tsx(149,11): error TS2339: Property 'form' does not exist on type 'JSX.IntrinsicElements'.
src/components/auth/Register.tsx(152,5): error TS2339: Property 'div' does not exist on type 'JSX.IntrinsicElements'.
src/components/profiles/AddProfile.tsx(16,34): error TS2503: Cannot find namespace 'React'.
src/components/profiles/AddProfile.tsx(37,5): error TS2339: Property 'div' does not exist on type 'JSX.IntrinsicElements'.
src/components/profiles/AddProfile.tsx(38,7): error TS2339: Property 'div' does not exist on type 'JSX.IntrinsicElements'.
src/components/profiles/AddProfile.tsx(38,138): error TS2339: Property 'div' does not exist on type 'JSX.IntrinsicElements'.
src/components/profiles/AddProfile.tsx(46,9): error TS2339: Property 'div' does not exist on type 'JSX.IntrinsicElements'.
src/components/profiles/AddProfile.tsx(47,11): error TS2339: Property 'button' does not exist on type 'JSX.IntrinsicElements'.
src/components/profiles/AddProfile.tsx(49,11): error TS2339: Property 'button' does not exist on type 'JSX.IntrinsicElements'.
src/components/profiles/AddProfile.tsx(50,11): error TS2339: Property 'h1' does not exist on type 'JSX.IntrinsicElements'.
src/components/profiles/AddProfile.tsx(50,72): error TS2339: Property 'h1' does not exist on type 'JSX.IntrinsicElements'.
src/components/profiles/AddProfile.tsx(51,11): error TS2339: Property 'div' does not exist on type 'JSX.IntrinsicElements'.
src/components/profiles/AddProfile.tsx(51,33): error TS2339: Property 'div' does not exist on type 'JSX.IntrinsicElements'.
src/components/profiles/AddProfile.tsx(52,9): error TS2339: Property 'div' does not exist on type 'JSX.IntrinsicElements'.
src/components/profiles/AddProfile.tsx(55,11): error TS2339: Property 'form' does not exist on type 'JSX.IntrinsicElements'.
src/components/profiles/AddProfile.tsx(57,13): error TS2339: Property 'div' does not exist on type 'JSX.IntrinsicElements'.
src/components/profiles/AddProfile.tsx(59,17): error TS2339: Property 'div' does not exist on type 'JSX.IntrinsicElements'.
src/components/profiles/AddProfile.tsx(61,17): error TS2339: Property 'div' does not exist on type 'JSX.IntrinsicElements'.
src/components/profiles/AddProfile.tsx(64,15): error TS2339: Property 'div' does not exist on type 'JSX.IntrinsicElements'.
src/components/profiles/AddProfile.tsx(65,17): error TS2339: Property 'label' does not exist on type 'JSX.IntrinsicElements'.
src/components/profiles/AddProfile.tsx(65,88): error TS2339: Property 'label' does not exist on type 'JSX.IntrinsicElements'.
src/components/profiles/AddProfile.tsx(66,17): error TS2339: Property 'input' does not exist on type 'JSX.IntrinsicElements'.
src/components/profiles/AddProfile.tsx(73,15): error TS2339: Property 'div' does not exist on type 'JSX.IntrinsicElements'.
src/components/profiles/AddProfile.tsx(75,15): error TS2339: Property 'label' does not exist on type 'JSX.IntrinsicElements'.
src/components/profiles/AddProfile.tsx(76,17): error TS2339: Property 'input' does not exist on type 'JSX.IntrinsicElements'.
src/components/profiles/AddProfile.tsx(82,17): error TS2339: Property 'div' does not exist on type 'JSX.IntrinsicElements'.
src/components/profiles/AddProfile.tsx(83,19): error TS2339: Property 'div' does not exist on type 'JSX.IntrinsicElements'.
src/components/profiles/AddProfile.tsx(83,60): error TS2339: Property 'div' does not exist on type 'JSX.IntrinsicElements'.
src/components/profiles/AddProfile.tsx(84,19): error TS2339: Property 'div' does not exist on type 'JSX.IntrinsicElements'.
src/components/profiles/AddProfile.tsx(84,92): error TS2339: Property 'div' does not exist on type 'JSX.IntrinsicElements'.
src/components/profiles/AddProfile.tsx(85,17): error TS2339: Property 'div' does not exist on type 'JSX.IntrinsicElements'.
src/components/profiles/AddProfile.tsx(86,15): error TS2339: Property 'label' does not exist on type 'JSX.IntrinsicElements'.
src/components/profiles/AddProfile.tsx(88,15): error TS2339: Property 'div' does not exist on type 'JSX.IntrinsicElements'.
src/components/profiles/AddProfile.tsx(89,17): error TS2339: Property 'button' does not exist on type 'JSX.IntrinsicElements'.
src/components/profiles/AddProfile.tsx(95,17): error TS2339: Property 'button' does not exist on type 'JSX.IntrinsicElements'.
src/components/profiles/AddProfile.tsx(96,17): error TS2339: Property 'button' does not exist on type 'JSX.IntrinsicElements'.
src/components/profiles/AddProfile.tsx(102,17): error TS2339: Property 'button' does not exist on type 'JSX.IntrinsicElements'.
src/components/profiles/AddProfile.tsx(103,15): error TS2339: Property 'div' does not exist on type 'JSX.IntrinsicElements'.
src/components/profiles/AddProfile.tsx(104,13): error TS2339: Property 'div' does not exist on type 'JSX.IntrinsicElements'.
src/components/profiles/AddProfile.tsx(106,13): error TS2339: Property 'div' does not exist on type 'JSX.IntrinsicElements'.
src/components/profiles/AddProfile.tsx(107,15): error TS2339: Property 'label' does not exist on type 'JSX.IntrinsicElements'.
src/components/profiles/AddProfile.tsx(107,87): error TS2339: Property 'label' does not exist on type 'JSX.IntrinsicElements'.
src/components/profiles/AddProfile.tsx(108,15): error TS2339: Property 'div' does not exist on type 'JSX.IntrinsicElements'.
src/components/profiles/AddProfile.tsx(110,19): error TS2339: Property 'button' does not exist on type 'JSX.IntrinsicElements'.
src/components/profiles/AddProfile.tsx(120,21): error TS2339: Property 'img' does not exist on type 'JSX.IntrinsicElements'.
src/components/profiles/AddProfile.tsx(121,19): error TS2339: Property 'button' does not exist on type 'JSX.IntrinsicElements'.
src/components/profiles/AddProfile.tsx(123,15): error TS2339: Property 'div' does not exist on type 'JSX.IntrinsicElements'.
src/components/profiles/AddProfile.tsx(124,13): error TS2339: Property 'div' does not exist on type 'JSX.IntrinsicElements'.
src/components/profiles/AddProfile.tsx(125,11): error TS2339: Property 'form' does not exist on type 'JSX.IntrinsicElements'.
src/components/profiles/AddProfile.tsx(128,5): error TS2339: Property 'div' does not exist on type 'JSX.IntrinsicElements'.
src/components/profiles/ManageProfiles.tsx(37,5): error TS2339: Property 'div' does not exist on type 'JSX.IntrinsicElements'.
src/components/profiles/ManageProfiles.tsx(38,7): error TS2339: Property 'div' does not exist on type 'JSX.IntrinsicElements'.
src/components/profiles/ManageProfiles.tsx(38,137): error TS2339: Property 'div' does not exist on type 'JSX.IntrinsicElements'.
src/components/profiles/ManageProfiles.tsx(46,9): error TS2339: Property 'div' does not exist on type 'JSX.IntrinsicElements'.
src/components/profiles/ManageProfiles.tsx(47,11): error TS2339: Property 'button' does not exist on type 'JSX.IntrinsicElements'.
src/components/profiles/ManageProfiles.tsx(49,11): error TS2339: Property 'button' does not exist on type 'JSX.IntrinsicElements'.
src/components/profiles/ManageProfiles.tsx(50,9): error TS2339: Property 'div' does not exist on type 'JSX.IntrinsicElements'.
src/components/profiles/ManageProfiles.tsx(52,9): error TS2339: Property 'h1' does not exist on type 'JSX.IntrinsicElements'.
src/components/profiles/ManageProfiles.tsx(52,104): error TS2339: Property 'h1' does not exist on type 'JSX.IntrinsicElements'.
src/components/profiles/ManageProfiles.tsx(54,9): error TS2339: Property 'div' does not exist on type 'JSX.IntrinsicElements'.
src/components/profiles/ManageProfiles.tsx(60,15): error TS2339: Property 'div' does not exist on type 'JSX.IntrinsicElements'.
src/components/profiles/ManageProfiles.tsx(61,17): error TS2339: Property 'img' does not exist on type 'JSX.IntrinsicElements'.
src/components/profiles/ManageProfiles.tsx(64,19): error TS2339: Property 'div' does not exist on type 'JSX.IntrinsicElements'.
src/components/profiles/ManageProfiles.tsx(66,21): error TS2339: Property 'button' does not exist on type 'JSX.IntrinsicElements'.
src/components/profiles/ManageProfiles.tsx(71,21): error TS2339: Property 'button' does not exist on type 'JSX.IntrinsicElements'.
src/components/profiles/ManageProfiles.tsx(72,19): error TS2339: Property 'div' does not exist on type 'JSX.IntrinsicElements'.
src/components/profiles/ManageProfiles.tsx(74,15): error TS2339: Property 'div' does not exist on type 'JSX.IntrinsicElements'.
src/components/profiles/ManageProfiles.tsx(75,15): error TS2339: Property 'div' does not exist on type 'JSX.IntrinsicElements'.
src/components/profiles/ManageProfiles.tsx(76,17): error TS2339: Property 'span' does not exist on type 'JSX.IntrinsicElements'.
src/components/profiles/ManageProfiles.tsx(78,17): error TS2339: Property 'span' does not exist on type 'JSX.IntrinsicElements'.
src/components/profiles/ManageProfiles.tsx(80,19): error TS2339: Property 'span' does not exist on type 'JSX.IntrinsicElements'.
src/components/profiles/ManageProfiles.tsx(80,107): error TS2339: Property 'span' does not exist on type 'JSX.IntrinsicElements'.
src/components/profiles/ManageProfiles.tsx(82,15): error TS2339: Property 'div' does not exist on type 'JSX.IntrinsicElements'.
src/components/profiles/ManageProfiles.tsx(94,23): error TS2339: Property 'p' does not exist on type 'JSX.IntrinsicElements'.
src/components/profiles/ManageProfiles.tsx(94,78): error TS2339: Property 'p' does not exist on type 'JSX.IntrinsicElements'.
src/components/profiles/ManageProfiles.tsx(95,23): error TS2339: Property 'p' does not exist on type 'JSX.IntrinsicElements'.
src/components/profiles/ManageProfiles.tsx(95,117): error TS2339: Property 'p' does not exist on type 'JSX.IntrinsicElements'.
src/components/profiles/ManageProfiles.tsx(96,23): error TS2339: Property 'div' does not exist on type 'JSX.IntrinsicElements'.
src/components/profiles/ManageProfiles.tsx(97,25): error TS2339: Property 'button' does not exist on type 'JSX.IntrinsicElements'.
src/components/profiles/ManageProfiles.tsx(97,178): error TS2339: Property 'button' does not exist on type 'JSX.IntrinsicElements'.
src/components/profiles/ManageProfiles.tsx(98,25): error TS2339: Property 'button' does not exist on type 'JSX.IntrinsicElements'.
src/components/profiles/ManageProfiles.tsx(98,190): error TS2339: Property 'button' does not exist on type 'JSX.IntrinsicElements'.
src/components/profiles/ManageProfiles.tsx(99,23): error TS2339: Property 'div' does not exist on type 'JSX.IntrinsicElements'.
src/components/profiles/ManageProfiles.tsx(114,15): error TS2339: Property 'div' does not exist on type 'JSX.IntrinsicElements'.
src/components/profiles/ManageProfiles.tsx(116,15): error TS2339: Property 'div' does not exist on type 'JSX.IntrinsicElements'.
src/components/profiles/ManageProfiles.tsx(117,15): error TS2339: Property 'span' does not exist on type 'JSX.IntrinsicElements'.
src/components/profiles/ManageProfiles.tsx(119,15): error TS2339: Property 'span' does not exist on type 'JSX.IntrinsicElements'.
src/components/profiles/ManageProfiles.tsx(122,9): error TS2339: Property 'div' does not exist on type 'JSX.IntrinsicElements'.
src/components/profiles/ManageProfiles.tsx(124,5): error TS2339: Property 'div' does not exist on type 'JSX.IntrinsicElements'.
src/components/profiles/ProfileMenu.tsx(25,5): error TS2339: Property 'div' does not exist on type 'JSX.IntrinsicElements'.
src/components/profiles/ProfileMenu.tsx(26,7): error TS2339: Property 'button' does not exist on type 'JSX.IntrinsicElements'.
src/components/profiles/ProfileMenu.tsx(30,9): error TS2339: Property 'img' does not exist on type 'JSX.IntrinsicElements'.
src/components/profiles/ProfileMenu.tsx(31,9): error TS2339: Property 'span' does not exist on type 'JSX.IntrinsicElements'.
src/components/profiles/ProfileMenu.tsx(31,83): error TS2339: Property 'span' does not exist on type 'JSX.IntrinsicElements'.
src/components/profiles/ProfileMenu.tsx(33,7): error TS2339: Property 'button' does not exist on type 'JSX.IntrinsicElements'.
src/components/profiles/ProfileMenu.tsx(45,15): error TS2339: Property 'div' does not exist on type 'JSX.IntrinsicElements'.
src/components/profiles/ProfileMenu.tsx(46,17): error TS2339: Property 'img' does not exist on type 'JSX.IntrinsicElements'.
src/components/profiles/ProfileMenu.tsx(47,17): error TS2339: Property 'div' does not exist on type 'JSX.IntrinsicElements'.
src/components/profiles/ProfileMenu.tsx(48,19): error TS2339: Property 'span' does not exist on type 'JSX.IntrinsicElements'.
src/components/profiles/ProfileMenu.tsx(48,71): error TS2339: Property 'span' does not exist on type 'JSX.IntrinsicElements'.
src/components/profiles/ProfileMenu.tsx(49,44): error TS2339: Property 'span' does not exist on type 'JSX.IntrinsicElements'.
src/components/profiles/ProfileMenu.tsx(49,127): error TS2339: Property 'span' does not exist on type 'JSX.IntrinsicElements'.
src/components/profiles/ProfileMenu.tsx(50,17): error TS2339: Property 'div' does not exist on type 'JSX.IntrinsicElements'.
src/components/profiles/ProfileMenu.tsx(51,15): error TS2339: Property 'div' does not exist on type 'JSX.IntrinsicElements'.
src/components/profiles/ProfileMenu.tsx(53,15): error TS2339: Property 'div' does not exist on type 'JSX.IntrinsicElements'.
src/components/profiles/ProfileMenu.tsx(54,17): error TS2339: Property 'button' does not exist on type 'JSX.IntrinsicElements'.
src/components/profiles/ProfileMenu.tsx(59,17): error TS2339: Property 'button' does not exist on type 'JSX.IntrinsicElements'.
src/components/profiles/ProfileMenu.tsx(60,17): error TS2339: Property 'button' does not exist on type 'JSX.IntrinsicElements'.
src/components/profiles/ProfileMenu.tsx(65,17): error TS2339: Property 'button' does not exist on type 'JSX.IntrinsicElements'.
src/components/profiles/ProfileMenu.tsx(66,17): error TS2339: Property 'button' does not exist on type 'JSX.IntrinsicElements'.
src/components/profiles/ProfileMenu.tsx(71,17): error TS2339: Property 'button' does not exist on type 'JSX.IntrinsicElements'.
src/components/profiles/ProfileMenu.tsx(72,15): error TS2339: Property 'div' does not exist on type 'JSX.IntrinsicElements'.
src/components/profiles/ProfileMenu.tsx(74,15): error TS2339: Property 'div' does not exist on type 'JSX.IntrinsicElements'.
src/components/profiles/ProfileMenu.tsx(75,17): error TS2339: Property 'button' does not exist on type 'JSX.IntrinsicElements'.
src/components/profiles/ProfileMenu.tsx(80,17): error TS2339: Property 'button' does not exist on type 'JSX.IntrinsicElements'.
src/components/profiles/ProfileMenu.tsx(81,15): error TS2339: Property 'div' does not exist on type 'JSX.IntrinsicElements'.
src/components/profiles/ProfileMenu.tsx(86,5): error TS2339: Property 'div' does not exist on type 'JSX.IntrinsicElements'.
src/components/profiles/ProfileSelection.tsx(25,7): error TS2339: Property 'div' does not exist on type 'JSX.IntrinsicElements'.
src/components/profiles/ProfileSelection.tsx(27,7): error TS2339: Property 'div' does not exist on type 'JSX.IntrinsicElements'.
src/components/profiles/ProfileSelection.tsx(32,5): error TS2339: Property 'div' does not exist on type 'JSX.IntrinsicElements'.
src/components/profiles/ProfileSelection.tsx(33,7): error TS2339: Property 'div' does not exist on type 'JSX.IntrinsicElements'.
src/components/profiles/ProfileSelection.tsx(33,137): error TS2339: Property 'div' does not exist on type 'JSX.IntrinsicElements'.
src/components/profiles/ProfileSelection.tsx(34,7): error TS2339: Property 'div' does not exist on type 'JSX.IntrinsicElements'.
src/components/profiles/ProfileSelection.tsx(34,143): error TS2339: Property 'div' does not exist on type 'JSX.IntrinsicElements'.
src/components/profiles/ProfileSelection.tsx(36,7): error TS2339: Property 'div' does not exist on type 'JSX.IntrinsicElements'.
src/components/profiles/ProfileSelection.tsx(37,9): error TS2339: Property 'div' does not exist on type 'JSX.IntrinsicElements'.
src/components/profiles/ProfileSelection.tsx(39,9): error TS2339: Property 'div' does not exist on type 'JSX.IntrinsicElements'.
src/components/profiles/ProfileSelection.tsx(40,9): error TS2339: Property 'span' does not exist on type 'JSX.IntrinsicElements'.
src/components/profiles/ProfileSelection.tsx(40,63): error TS2339: Property 'span' does not exist on type 'JSX.IntrinsicElements'.
src/components/profiles/ProfileSelection.tsx(40,97): error TS2339: Property 'span' does not exist on type 'JSX.IntrinsicElements'.
src/components/profiles/ProfileSelection.tsx(40,104): error TS2339: Property 'span' does not exist on type 'JSX.IntrinsicElements'.
src/components/profiles/ProfileSelection.tsx(41,7): error TS2339: Property 'div' does not exist on type 'JSX.IntrinsicElements'.
src/components/profiles/ProfileSelection.tsx(49,9): error TS2339: Property 'h1' does not exist on type 'JSX.IntrinsicElements'.
src/components/profiles/ProfileSelection.tsx(49,104): error TS2339: Property 'h1' does not exist on type 'JSX.IntrinsicElements'.
src/components/profiles/ProfileSelection.tsx(51,9): error TS2339: Property 'div' does not exist on type 'JSX.IntrinsicElements'.
src/components/profiles/ProfileSelection.tsx(60,15): error TS2339: Property 'div' does not exist on type 'JSX.IntrinsicElements'.
src/components/profiles/ProfileSelection.tsx(61,17): error TS2339: Property 'img' does not exist on type 'JSX.IntrinsicElements'.
src/components/profiles/ProfileSelection.tsx(62,15): error TS2339: Property 'div' does not exist on type 'JSX.IntrinsicElements'.
src/components/profiles/ProfileSelection.tsx(63,15): error TS2339: Property 'div' does not exist on type 'JSX.IntrinsicElements'.
src/components/profiles/ProfileSelection.tsx(64,17): error TS2339: Property 'span' does not exist on type 'JSX.IntrinsicElements'.
src/components/profiles/ProfileSelection.tsx(66,17): error TS2339: Property 'span' does not exist on type 'JSX.IntrinsicElements'.
src/components/profiles/ProfileSelection.tsx(68,19): error TS2339: Property 'span' does not exist on type 'JSX.IntrinsicElements'.
src/components/profiles/ProfileSelection.tsx(68,107): error TS2339: Property 'span' does not exist on type 'JSX.IntrinsicElements'.
src/components/profiles/ProfileSelection.tsx(70,15): error TS2339: Property 'div' does not exist on type 'JSX.IntrinsicElements'.
src/components/profiles/ProfileSelection.tsx(81,15): error TS2339: Property 'div' does not exist on type 'JSX.IntrinsicElements'.
src/components/profiles/ProfileSelection.tsx(83,15): error TS2339: Property 'div' does not exist on type 'JSX.IntrinsicElements'.
src/components/profiles/ProfileSelection.tsx(84,15): error TS2339: Property 'span' does not exist on type 'JSX.IntrinsicElements'.
src/components/profiles/ProfileSelection.tsx(86,15): error TS2339: Property 'span' does not exist on type 'JSX.IntrinsicElements'.
src/components/profiles/ProfileSelection.tsx(89,9): error TS2339: Property 'div' does not exist on type 'JSX.IntrinsicElements'.
src/components/profiles/ProfileSelection.tsx(91,5): error TS2339: Property 'div' does not exist on type 'JSX.IntrinsicElements'.
src/components/settings/Settings.tsx(57,5): error TS2339: Property 'div' does not exist on type 'JSX.IntrinsicElements'.
src/components/settings/Settings.tsx(58,7): error TS2339: Property 'div' does not exist on type 'JSX.IntrinsicElements'.
src/components/settings/Settings.tsx(58,138): error TS2339: Property 'div' does not exist on type 'JSX.IntrinsicElements'.
src/components/settings/Settings.tsx(66,9): error TS2339: Property 'div' does not exist on type 'JSX.IntrinsicElements'.
src/components/settings/Settings.tsx(67,11): error TS2339: Property 'button' does not exist on type 'JSX.IntrinsicElements'.
src/components/settings/Settings.tsx(69,11): error TS2339: Property 'button' does not exist on type 'JSX.IntrinsicElements'.
src/components/settings/Settings.tsx(70,9): error TS2339: Property 'div' does not exist on type 'JSX.IntrinsicElements'.
src/components/settings/Settings.tsx(72,9): error TS2339: Property 'h1' does not exist on type 'JSX.IntrinsicElements'.
src/components/settings/Settings.tsx(72,80): error TS2339: Property 'h1' does not exist on type 'JSX.IntrinsicElements'.
src/components/settings/Settings.tsx(74,9): error TS2339: Property 'div' does not exist on type 'JSX.IntrinsicElements'.
src/components/settings/Settings.tsx(76,11): error TS2339: Property 'div' does not exist on type 'JSX.IntrinsicElements'.
src/components/settings/Settings.tsx(78,15): error TS2339: Property 'h2' does not exist on type 'JSX.IntrinsicElements'.
src/components/settings/Settings.tsx(78,146): error TS2339: Property 'h2' does not exist on type 'JSX.IntrinsicElements'.
src/components/settings/Settings.tsx(80,15): error TS2339: Property 'div' does not exist on type 'JSX.IntrinsicElements'.
src/components/settings/Settings.tsx(81,17): error TS2339: Property 'div' does not exist on type 'JSX.IntrinsicElements'.
src/components/settings/Settings.tsx(82,19): error TS2339: Property 'label' does not exist on type 'JSX.IntrinsicElements'.
src/components/settings/Settings.tsx(82,65): error TS2339: Property 'label' does not exist on type 'JSX.IntrinsicElements'.
src/components/settings/Settings.tsx(83,19): error TS2339: Property 'p' does not exist on type 'JSX.IntrinsicElements'.
src/components/settings/Settings.tsx(83,65): error TS2339: Property 'p' does not exist on type 'JSX.IntrinsicElements'.
src/components/settings/Settings.tsx(84,17): error TS2339: Property 'div' does not exist on type 'JSX.IntrinsicElements'.
src/components/settings/Settings.tsx(85,17): error TS2339: Property 'div' does not exist on type 'JSX.IntrinsicElements'.
src/components/settings/Settings.tsx(86,19): error TS2339: Property 'label' does not exist on type 'JSX.IntrinsicElements'.
src/components/settings/Settings.tsx(86,74): error TS2339: Property 'label' does not exist on type 'JSX.IntrinsicElements'.
src/components/settings/Settings.tsx(87,19): error TS2339: Property 'p' does not exist on type 'JSX.IntrinsicElements'.
src/components/settings/Settings.tsx(89,19): error TS2339: Property 'p' does not exist on type 'JSX.IntrinsicElements'.
src/components/settings/Settings.tsx(90,17): error TS2339: Property 'div' does not exist on type 'JSX.IntrinsicElements'.
src/components/settings/Settings.tsx(91,15): error TS2339: Property 'div' does not exist on type 'JSX.IntrinsicElements'.
src/components/settings/Settings.tsx(95,15): error TS2339: Property 'h2' does not exist on type 'JSX.IntrinsicElements'.
src/components/settings/Settings.tsx(95,82): error TS2339: Property 'h2' does not exist on type 'JSX.IntrinsicElements'.
src/components/settings/Settings.tsx(97,15): error TS2339: Property 'button' does not exist on type 'JSX.IntrinsicElements'.
src/components/settings/Settings.tsx(102,15): error TS2339: Property 'button' does not exist on type 'JSX.IntrinsicElements'.
src/components/settings/Settings.tsx(104,15): error TS2339: Property 'button' does not exist on type 'JSX.IntrinsicElements'.
src/components/settings/Settings.tsx(108,15): error TS2339: Property 'button' does not exist on type 'JSX.IntrinsicElements'.
src/components/settings/Settings.tsx(110,11): error TS2339: Property 'div' does not exist on type 'JSX.IntrinsicElements'.
src/components/settings/Settings.tsx(113,11): error TS2339: Property 'div' does not exist on type 'JSX.IntrinsicElements'.
src/components/settings/Settings.tsx(115,15): error TS2339: Property 'h2' does not exist on type 'JSX.IntrinsicElements'.
src/components/settings/Settings.tsx(115,148): error TS2339: Property 'h2' does not exist on type 'JSX.IntrinsicElements'.
src/components/settings/Settings.tsx(117,15): error TS2339: Property 'form' does not exist on type 'JSX.IntrinsicElements'.
src/components/settings/Settings.tsx(118,27): error TS2339: Property 'div' does not exist on type 'JSX.IntrinsicElements'.
src/components/settings/Settings.tsx(118,126): error TS2339: Property 'div' does not exist on type 'JSX.IntrinsicElements'.
src/components/settings/Settings.tsx(119,29): error TS2339: Property 'div' does not exist on type 'JSX.IntrinsicElements'.
src/components/settings/Settings.tsx(119,136): error TS2339: Property 'div' does not exist on type 'JSX.IntrinsicElements'.
src/components/settings/Settings.tsx(121,17): error TS2339: Property 'div' does not exist on type 'JSX.IntrinsicElements'.
src/components/settings/Settings.tsx(122,19): error TS2339: Property 'label' does not exist on type 'JSX.IntrinsicElements'.
src/components/settings/Settings.tsx(122,89): error TS2339: Property 'label' does not exist on type 'JSX.IntrinsicElements'.
src/components/settings/Settings.tsx(123,19): error TS2339: Property 'input' does not exist on type 'JSX.IntrinsicElements'.
src/components/settings/Settings.tsx(129,17): error TS2339: Property 'div' does not exist on type 'JSX.IntrinsicElements'.
src/components/settings/Settings.tsx(131,17): error TS2339: Property 'div' does not exist on type 'JSX.IntrinsicElements'.
src/components/settings/Settings.tsx(132,19): error TS2339: Property 'label' does not exist on type 'JSX.IntrinsicElements'.
src/components/settings/Settings.tsx(132,85): error TS2339: Property 'label' does not exist on type 'JSX.IntrinsicElements'.
src/components/settings/Settings.tsx(133,19): error TS2339: Property 'input' does not exist on type 'JSX.IntrinsicElements'.
src/components/settings/Settings.tsx(139,17): error TS2339: Property 'div' does not exist on type 'JSX.IntrinsicElements'.
src/components/settings/Settings.tsx(141,17): error TS2339: Property 'div' does not exist on type 'JSX.IntrinsicElements'.
src/components/settings/Settings.tsx(142,19): error TS2339: Property 'label' does not exist on type 'JSX.IntrinsicElements'.
src/components/settings/Settings.tsx(142,93): error TS2339: Property 'label' does not exist on type 'JSX.IntrinsicElements'.
src/components/settings/Settings.tsx(143,19): error TS2339: Property 'input' does not exist on type 'JSX.IntrinsicElements'.
src/components/settings/Settings.tsx(149,17): error TS2339: Property 'div' does not exist on type 'JSX.IntrinsicElements'.
src/components/settings/Settings.tsx(151,17): error TS2339: Property 'button' does not exist on type 'JSX.IntrinsicElements'.
src/components/settings/Settings.tsx(157,17): error TS2339: Property 'button' does not exist on type 'JSX.IntrinsicElements'.
src/components/settings/Settings.tsx(158,15): error TS2339: Property 'form' does not exist on type 'JSX.IntrinsicElements'.
src/components/settings/Settings.tsx(160,11): error TS2339: Property 'div' does not exist on type 'JSX.IntrinsicElements'.
src/components/settings/Settings.tsx(161,9): error TS2339: Property 'div' does not exist on type 'JSX.IntrinsicElements'.
src/components/settings/Settings.tsx(163,5): error TS2339: Property 'div' does not exist on type 'JSX.IntrinsicElements'.
